
Optional file libmchp_peripheral.a not found

Optional file libmchp_peripheral_32MX795F512L.a not found
Archive member included because of file (symbol)

c:/program files/microchip/xc32/v2.50/bin/bin/../../lib/gcc/pic32mx/4.8.3/../../../../pic32mx/lib\libpic32.a(default-bootstrap-exception-handler.o)
                              C:\Users\JERJEA~1\AppData\Local\Temp\cc8454W5.o (_bootstrap_exception_handler)
c:/program files/microchip/xc32/v2.50/bin/bin/../../lib/gcc/pic32mx/4.8.3/../../../../pic32mx/lib\libpic32.a(default-on-reset.o)
                              C:\Users\JERJEA~1\AppData\Local\Temp\cc8454W5.o (_on_reset)
c:/program files/microchip/xc32/v2.50/bin/bin/../../lib/gcc/pic32mx/4.8.3/../../../../pic32mx/lib\libpic32.a(default-on-bootstrap.o)
                              C:\Users\JERJEA~1\AppData\Local\Temp\cc8454W5.o (_on_bootstrap)
c:/program files/microchip/xc32/v2.50/bin/bin/../../lib/gcc/pic32mx/4.8.3/../../../../pic32mx/lib\libpic32.a(default-nmi-handler.o)
                              C:\Users\JERJEA~1\AppData\Local\Temp\cc8454W5.o (_nmi_handler)
c:/program files/microchip/xc32/v2.50/bin/bin/../../lib/gcc/pic32mx/4.8.3/../../../../pic32mx/lib\libpic32.a(pic32_data_init.o)
                              C:\Users\JERJEA~1\AppData\Local\Temp\cc8454W5.o (__pic32_data_init)
c:/program files/microchip/xc32/v2.50/bin/bin/../../lib/gcc/pic32mx/4.8.3/../../../../pic32mx/lib\libpic32.a(general-exception.o)
                              C:\Users\JERJEA~1\AppData\Local\Temp\cc8454W5.o (_general_exception_context)
c:/program files/microchip/xc32/v2.50/bin/bin/../../lib/gcc/pic32mx/4.8.3/../../../../pic32mx/lib\libpic32.a(vector1.o)
                              C:\Users\JERJEA~1\AppData\Local\Temp\cc0UOjda.o (__vector_dispatch_1)
c:/program files/microchip/xc32/v2.50/bin/bin/../../lib/gcc/pic32mx/4.8.3/../../../../pic32mx/lib\libpic32.a(vector2.o)
                              C:\Users\JERJEA~1\AppData\Local\Temp\cc0UOjda.o (__vector_dispatch_2)
c:/program files/microchip/xc32/v2.50/bin/bin/../../lib/gcc/pic32mx/4.8.3/../../../../pic32mx/lib\libpic32.a(vector3.o)
                              C:\Users\JERJEA~1\AppData\Local\Temp\cc0UOjda.o (__vector_dispatch_3)
c:/program files/microchip/xc32/v2.50/bin/bin/../../lib/gcc/pic32mx/4.8.3/../../../../pic32mx/lib\libpic32.a(vector4.o)
                              C:\Users\JERJEA~1\AppData\Local\Temp\cc0UOjda.o (__vector_dispatch_4)
c:/program files/microchip/xc32/v2.50/bin/bin/../../lib/gcc/pic32mx/4.8.3/../../../../pic32mx/lib\libpic32.a(vector5.o)
                              C:\Users\JERJEA~1\AppData\Local\Temp\cc0UOjda.o (__vector_dispatch_5)
c:/program files/microchip/xc32/v2.50/bin/bin/../../lib/gcc/pic32mx/4.8.3/../../../../pic32mx/lib\libpic32.a(vector6.o)
                              C:\Users\JERJEA~1\AppData\Local\Temp\cc0UOjda.o (__vector_dispatch_6)
c:/program files/microchip/xc32/v2.50/bin/bin/../../lib/gcc/pic32mx/4.8.3/../../../../pic32mx/lib\libpic32.a(vector7.o)
                              C:\Users\JERJEA~1\AppData\Local\Temp\cc0UOjda.o (__vector_dispatch_7)
c:/program files/microchip/xc32/v2.50/bin/bin/../../lib/gcc/pic32mx/4.8.3/../../../../pic32mx/lib\libpic32.a(vector8.o)
                              C:\Users\JERJEA~1\AppData\Local\Temp\cc0UOjda.o (__vector_dispatch_8)
c:/program files/microchip/xc32/v2.50/bin/bin/../../lib/gcc/pic32mx/4.8.3/../../../../pic32mx/lib\libpic32.a(vector9.o)
                              C:\Users\JERJEA~1\AppData\Local\Temp\cc0UOjda.o (__vector_dispatch_9)
c:/program files/microchip/xc32/v2.50/bin/bin/../../lib/gcc/pic32mx/4.8.3/../../../../pic32mx/lib\libpic32.a(vector10.o)
                              C:\Users\JERJEA~1\AppData\Local\Temp\cc0UOjda.o (__vector_dispatch_10)
c:/program files/microchip/xc32/v2.50/bin/bin/../../lib/gcc/pic32mx/4.8.3/../../../../pic32mx/lib\libpic32.a(vector11.o)
                              C:\Users\JERJEA~1\AppData\Local\Temp\cc0UOjda.o (__vector_dispatch_11)
c:/program files/microchip/xc32/v2.50/bin/bin/../../lib/gcc/pic32mx/4.8.3/../../../../pic32mx/lib\libpic32.a(vector12.o)
                              C:\Users\JERJEA~1\AppData\Local\Temp\cc0UOjda.o (__vector_dispatch_12)
c:/program files/microchip/xc32/v2.50/bin/bin/../../lib/gcc/pic32mx/4.8.3/../../../../pic32mx/lib\libpic32.a(vector13.o)
                              C:\Users\JERJEA~1\AppData\Local\Temp\cc0UOjda.o (__vector_dispatch_13)
c:/program files/microchip/xc32/v2.50/bin/bin/../../lib/gcc/pic32mx/4.8.3/../../../../pic32mx/lib\libpic32.a(vector14.o)
                              C:\Users\JERJEA~1\AppData\Local\Temp\cc0UOjda.o (__vector_dispatch_14)
c:/program files/microchip/xc32/v2.50/bin/bin/../../lib/gcc/pic32mx/4.8.3/../../../../pic32mx/lib\libpic32.a(vector15.o)
                              C:\Users\JERJEA~1\AppData\Local\Temp\cc0UOjda.o (__vector_dispatch_15)
c:/program files/microchip/xc32/v2.50/bin/bin/../../lib/gcc/pic32mx/4.8.3/../../../../pic32mx/lib\libpic32.a(vector16.o)
[...]
Memory Configuration

Name             Origin             Length             Attributes
kseg0_data_mem   0x80000000         0x00000200
kseg1_data_mem   0xa0000000         0x00020000         w !x
kseg0_boot_mem   0x9fc00490         0x00000970
kseg1_boot_mem   0xbfc00000         0x00000490
kseg0_program_mem 0x9d000000         0x00080000         xr
exception_mem    0x9fc01000         0x00001000
debug_exec_mem   0xbfc02000         0x00000ff0
config3          0xbfc02ff0         0x00000004
config2          0xbfc02ff4         0x00000004
config1          0xbfc02ff8         0x00000004
config0          0xbfc02ffc         0x00000004
sfrs             0xbf800000         0x00100000
configsfrs       0xbfc02ff0         0x00000010
*default*        0x00000000         0xffffffff

Linker script and memory map


reserve_data_0_kseg0
                0x80000000      0x200
                0x80000000        0x2 SHORT 0x0
                0x000001fd                . = 0x1fd
 *fill*         0x80000002      0x1fb 
                0x80000200                . = ALIGN (0x4)
 *fill*         0x800001fd        0x3 

reserve_data_0_kseg1
                0xa0000000      0x200
                0xa0000000        0x2 SHORT 0x0
                0x000001fd                . = 0x1fd
 *fill*         0xa0000002      0x1fb 
                0xa0000200                . = ALIGN (0x4)
 *fill*         0xa00001fd        0x3 

reserve_boot_0x1fc02000_kseg0
                0x9fc02000      0xff0
                0x9fc02000        0x2 SHORT 0x0
                0x00000500                . = 0x500
 *fill*         0x9fc02002      0x4fe 
                0x9fc02500                . = ALIGN (0x4)
                0x9fc02500        0x2 SHORT 0x0
                0x00000ff0                . = 0xff0
 *fill*         0x9fc02502      0xaee 
                0x9fc02ff0                . = ALIGN (0x4)

reserve_boot_0x1fc02000_kseg1
                0xbfc02000      0xff0
                0xbfc02000        0x2 SHORT 0x0
                0x00000500                . = 0x500
 *fill*         0xbfc02002      0x4fe 
                0xbfc02500                . = ALIGN (0x4)
                0xbfc02500        0x2 SHORT 0x0
                0x00000ff0                . = 0xff0
 *fill*         0xbfc02502      0xaee 
                0xbfc02ff0                . = ALIGN (0x4)
LOAD c:/program files/microchip/xc32/v2.50/bin/bin/../../lib/gcc/pic32mx/4.8.3/../../../../pic32mx/lib\software-debug-break.o
LOAD build/default/debug/_ext/639803181/sys_clk_pic32mx.o
LOAD build/default/debug/_ext/340578644/sys_devcon.o
LOAD build/default/debug/_ext/340578644/sys_devcon_pic32mx.o
LOAD build/default/debug/_ext/822048611/sys_ports_static.o
LOAD build/default/debug/_ext/1688732426/system_init.o
LOAD build/default/debug/_ext/1688732426/system_interrupt.o
LOAD build/default/debug/_ext/1688732426/system_exceptions.o
LOAD build/default/debug/_ext/1688732426/system_tasks.o
LOAD build/default/debug/_ext/1360937237/app.o
LOAD build/default/debug/_ext/1360937237/main.o
LOAD build/default/debug/_ext/326400065/bsp.o
LOAD build/default/debug/_ext/326400065/Mc32Delays.o
LOAD build/default/debug/_ext/326400065/Mc32DriverAdc.o
LOAD build/default/debug/_ext/326400065/Mc32DriverAdcAlt.o
LOAD build/default/debug/_ext/326400065/Mc32DriverLcd.o
LOAD build/default/debug/_ext/326400065/Mc32CoreTimer.o
LOAD build/default/debug/_ext/711155467/sys_int_pic32.o
LOAD ..\..\..\..\..\..\bin\framework\peripheral\PIC32MX795F512L_peripherals.a
                0x00000001                __MPLAB_BUILD = 0x1
                0x00000001                __MPLAB_DEBUG = 0x1
                0x00000001                __DEBUG = 0x1
                0x00000000                _min_heap_size = 0x0
LOAD C:\Users\JERJEA~1\AppData\Local\Temp\cc8454W5.o
LOAD C:\Users\JERJEA~1\AppData\Local\Temp\cceC55b0.o
LOAD C:\Users\JERJEA~1\AppData\Local\Temp\cc0UOjda.o
LOAD c:/program files/microchip/xc32/v2.50/bin/bin/../../lib/gcc/pic32mx/4.8.3/../../../../pic32mx/lib\pic32_software_reset.o
                0x00000400                PROVIDE (_min_stack_size, 0x400)
START GROUP
LOAD c:/program files/microchip/xc32/v2.50/bin/bin/../../lib/gcc/pic32mx/4.8.3/../../../../pic32mx/lib/./proc/32MX795F512L\processor.o
END GROUP
START GROUP
LOAD libmchp_peripheral.a
END GROUP
START GROUP
LOAD libmchp_peripheral_32MX795F512L.a
END GROUP
                0x00000001                PROVIDE (_vector_spacing, 0x1)
                0x9fc01000                PROVIDE (_ebase_address, 0x9fc01000)
                0xbfc00000                _RESET_ADDR = 0xbfc00000
                0xbfc00380                _BEV_EXCPT_ADDR = 0xbfc00380
                0xbfc00480                _DBG_EXCPT_ADDR = 0xbfc00480
                0xbfc02000                _DBG_CODE_ADDR = 0xbfc02000
                0x00000ff0                _DBG_CODE_SIZE = 0xff0
                0x9fc01180                _GEN_EXCPT_ADDR = (_ebase_address + 0x180)

.config_BFC02FF0
                0xbfc02ff0        0x4
 *(.config_BFC02FF0)
 .config_BFC02FF0
                0xbfc02ff0        0x4 build/default/debug/_ext/1688732426/system_init.o

.config_BFC02FF4
                0xbfc02ff4        0x4
 *(.config_BFC02FF4)
 .config_BFC02FF4
                0xbfc02ff4        0x4 build/default/debug/_ext/1688732426/system_init.o

.config_BFC02FF8
                0xbfc02ff8        0x4
 *(.config_BFC02FF8)
 .config_BFC02FF8
                0xbfc02ff8        0x4 build/default/debug/_ext/1688732426/system_init.o

.config_BFC02FFC
                0xbfc02ffc        0x4
 *(.config_BFC02FFC)
 .config_BFC02FFC
                0xbfc02ffc        0x4 build/default/debug/_ext/1688732426/system_init.o
                0xbfc02000                PROVIDE (_DBG_CODE_ADDR, 0xbfc02000)
                0x00000ff0                PROVIDE (_DBG_CODE_SIZE, 0xff0)

.reset          0xbfc00000      0x19c
 *(.reset)
 .reset         0xbfc00000        0x8 C:\Users\JERJEA~1\AppData\Local\Temp\cc8454W5.o
                0xbfc00000                _reset
 *(.reset.startup)
 .reset.startup
                0xbfc00008      0x194 C:\Users\JERJEA~1\AppData\Local\Temp\cc8454W5.o
                0xbfc00008                _startup

.bev_excpt      0xbfc00380       0x10
 *(.bev_handler)
 .bev_handler   0xbfc00380       0x10 C:\Users\JERJEA~1\AppData\Local\Temp\cc8454W5.o

.dbg_excpt      0xbfc00480        0x0
                0xbfc00480                . = (. + DEFINED (_DEBUGGER)?0x8:0x0)

.dbg_code       0xbfc02000        0x0
                0xbfc02000                . = (. + DEFINED (_DEBUGGER)?_DBG_CODE_SIZE:0x0)

.app_excpt      0x9fc01180       0x10
 *(.gen_handler)
 .gen_handler   0x9fc01180       0x10 C:\Users\JERJEA~1\AppData\Local\Temp\cc8454W5.o

.vector_0       0x9fc01200        0x8
 *(.vector_0)
 .vector_0      0x9fc01200        0x8 build/default/debug/_ext/1688732426/system_interrupt.o
                0x9fc01200                __vector_dispatch_0
                0x00000001                ASSERT (((_vector_spacing == 0x0) || (SIZEOF (.vector_0) <= (_vector_spacing << 0x5))), function at exception vector 0 too large)

.vector_1       0x9fc01220        0x8
 *(.vector_1)
 .vector_1      0x9fc01220        0x8 c:/program files/microchip/xc32/v2.50/bin/bin/../../lib/gcc/pic32mx/4.8.3/../../../../pic32mx/lib\libpic32.a(vector1.o)
                0x9fc01220                __vector_dispatch_1
                0x00000001                ASSERT (((_vector_spacing == 0x0) || (SIZEOF (.vector_1) <= (_vector_spacing << 0x5))), function at exception vector 1 too large)

.vector_2       0x9fc01240        0x8
 *(.vector_2)
 .vector_2      0x9fc01240        0x8 c:/program files/microchip/xc32/v2.50/bin/bin/../../lib/gcc/pic32mx/4.8.3/../../../../pic32mx/lib\libpic32.a(vector2.o)
                0x9fc01240                __vector_dispatch_2
                0x00000001                ASSERT (((_vector_spacing == 0x0) || (SIZEOF (.vector_2) <= (_vector_spacing << 0x5))), function at exception vector 2 too large)

.vector_3       0x9fc01260        0x8
 *(.vector_3)
 .vector_3      0x9fc01260        0x8 c:/program files/microchip/xc32/v2.50/bin/bin/../../lib/gcc/pic32mx/4.8.3/../../../../pic32mx/lib\libpic32.a(vector3.o)
                0x9fc01260                __vector_dispatch_3
                0x00000001                ASSERT (((_vector_spacing == 0x0) || (SIZEOF (.vector_3) <= (_vector_spacing << 0x5))), function at exception vector 3 too large)

.vector_4       0x9fc01280        0x8
 *(.vector_4)
 .vector_4      0x9fc01280        0x8 c:/program files/microchip/xc32/v2.50/bin/bin/../../lib/gcc/pic32mx/4.8.3/../../../../pic32mx/lib\libpic32.a(vector4.o)
                0x9fc01280                __vector_dispatch_4
                0x00000001                ASSERT (((_vector_spacing == 0x0) || (SIZEOF (.vector_4) <= (_vector_spacing << 0x5))), function at exception vector 4 too large)

.vector_5       0x9fc012a0        0x8
 *(.vector_5)
 .vector_5      0x9fc012a0        0x8 c:/program files/microchip/xc32/v2.50/bin/bin/../../lib/gcc/pic32mx/4.8.3/../../../../pic32mx/lib\libpic32.a(vector5.o)
                0x9fc012a0                __vector_dispatch_5
                0x00000001                ASSERT (((_vector_spacing == 0x0) || (SIZEOF (.vector_5) <= (_vector_spacing << 0x5))), function at exception vector 5 too large)

.vector_6       0x9fc012c0        0x8
 *(.vector_6)
 .vector_6      0x9fc012c0        0x8 c:/program files/microchip/xc32/v2.50/bin/bin/../../lib/gcc/pic32mx/4.8.3/../../../../pic32mx/lib\libpic32.a(vector6.o)
                0x9fc012c0                __vector_dispatch_6
                0x00000001                ASSERT (((_vector_spacing == 0x0) || (SIZEOF (.vector_6) <= (_vector_spacing << 0x5))), function at exception vector 6 too large)

.vector_7       0x9fc012e0        0x8
 *(.vector_7)
 .vector_7      0x9fc012e0        0x8 c:/program files/microchip/xc32/v2.50/bin/bin/../../lib/gcc/pic32mx/4.8.3/../../../../pic32mx/lib\libpic32.a(vector7.o)
                0x9fc012e0                __vector_dispatch_7
                0x00000001                ASSERT (((_vector_spacing == 0x0) || (SIZEOF (.vector_7) <= (_vector_spacing << 0x5))), function at exception vector 7 too large)

.vector_8       0x9fc01300        0x8
 *(.vector_8)
 .vector_8      0x9fc01300        0x8 c:/program files/microchip/xc32/v2.50/bin/bin/../../lib/gcc/pic32mx/4.8.3/../../../../pic32mx/lib\libpic32.a(vector8.o)
                0x9fc01300                __vector_dispatch_8
                0x00000001                ASSERT (((_vector_spacing == 0x0) || (SIZEOF (.vector_8) <= (_vector_spacing << 0x5))), function at exception vector 8 too large)

.vector_9       0x9fc01320        0x8
 *(.vector_9)
 .vector_9      0x9fc01320        0x8 c:/program files/microchip/xc32/v2.50/bin/bin/../../lib/gcc/pic32mx/4.8.3/../../../../pic32mx/lib\libpic32.a(vector9.o)
                0x9fc01320                __vector_dispatch_9
                0x00000001                ASSERT (((_vector_spacing == 0x0) || (SIZEOF (.vector_9) <= (_vector_spacing << 0x5))), function at exception vector 9 too large)

.vector_10      0x9fc01340        0x8
 *(.vector_10)
 .vector_10     0x9fc01340        0x8 c:/program files/microchip/xc32/v2.50/bin/bin/../../lib/gcc/pic32mx/4.8.3/../../../../pic32mx/lib\libpic32.a(vector10.o)
                0x9fc01340                __vector_dispatch_10
                0x00000001                ASSERT (((_vector_spacing == 0x0) || (SIZEOF (.vector_10) <= (_vector_spacing << 0x5))), function at exception vector 10 too large)

.vector_11      0x9fc01360        0x8
 *(.vector_11)
 .vector_11     0x9fc01360        0x8 c:/program files/microchip/xc32/v2.50/bin/bin/../../lib/gcc/pic32mx/4.8.3/../../../../pic32mx/lib\libpic32.a(vector11.o)
                0x9fc01360                __vector_dispatch_11
                0x00000001                ASSERT (((_vector_spacing == 0x0) || (SIZEOF (.vector_11) <= (_vector_spacing << 0x5))), function at exception vector 11 too large)

.vector_12      0x9fc01380        0x8
 *(.vector_12)
 .vector_12     0x9fc01380        0x8 c:/program files/microchip/xc32/v2.50/bin/bin/../../lib/gcc/pic32mx/4.8.3/../../../../pic32mx/lib\libpic32.a(vector12.o)
                0x9fc01380                __vector_dispatch_12
                0x00000001                ASSERT (((_vector_spacing == 0x0) || (SIZEOF (.vector_12) <= (_vector_spacing << 0x5))), function at exception vector 12 too large)

.vector_13      0x9fc013a0        0x8
 *(.vector_13)
 .vector_13     0x9fc013a0        0x8 c:/program files/microchip/xc32/v2.50/bin/bin/../../lib/gcc/pic32mx/4.8.3/../../../../pic32mx/lib\libpic32.a(vector13.o)
                0x9fc013a0                __vector_dispatch_13
                0x00000001                ASSERT (((_vector_spacing == 0x0) || (SIZEOF (.vector_13) <= (_vector_spacing << 0x5))), function at exception vector 13 too large)

.vector_14      0x9fc013c0        0x8
 *(.vector_14)
 .vector_14     0x9fc013c0        0x8 c:/program files/microchip/xc32/v2.50/bin/bin/../../lib/gcc/pic32mx/4.8.3/../../../../pic32mx/lib\libpic32.a(vector14.o)
                0x9fc013c0                __vector_dispatch_14
                0x00000001                ASSERT (((_vector_spacing == 0x0) || (SIZEOF (.vector_14) <= (_vector_spacing << 0x5))), function at exception vector 14 too large)

.vector_15      0x9fc013e0        0x8
 *(.vector_15)
 .vector_15     0x9fc013e0        0x8 c:/program files/microchip/xc32/v2.50/bin/bin/../../lib/gcc/pic32mx/4.8.3/../../../../pic32mx/lib\libpic32.a(vector15.o)
                0x9fc013e0                __vector_dispatch_15
                0x00000001                ASSERT (((_vector_spacing == 0x0) || (SIZEOF (.vector_15) <= (_vector_spacing << 0x5))), function at exception vector 15 too large)

.vector_16      0x9fc01400        0x8
 *(.vector_16)
 .vector_16     0x9fc01400        0x8 c:/program files/microchip/xc32/v2.50/bin/bin/../../lib/gcc/pic32mx/4.8.3/../../../../pic32mx/lib\libpic32.a(vector16.o)
                0x9fc01400                __vector_dispatch_16
                0x00000001                ASSERT (((_vector_spacing == 0x0) || (SIZEOF (.vector_16) <= (_vector_spacing << 0x5))), function at exception vector 16 too large)

.vector_17      0x9fc01420        0x8
 *(.vector_17)
 .vector_17     0x9fc01420        0x8 c:/program files/microchip/xc32/v2.50/bin/bin/../../lib/gcc/pic32mx/4.8.3/../../../../pic32mx/lib\libpic32.a(vector17.o)
                0x9fc01420                __vector_dispatch_17
                0x00000001                ASSERT (((_vector_spacing == 0x0) || (SIZEOF (.vector_17) <= (_vector_spacing << 0x5))), function at exception vector 17 too large)

.vector_18      0x9fc01440        0x8
 *(.vector_18)
 .vector_18     0x9fc01440        0x8 c:/program files/microchip/xc32/v2.50/bin/bin/../../lib/gcc/pic32mx/4.8.3/../../../../pic32mx/lib\libpic32.a(vector18.o)
                0x9fc01440                __vector_dispatch_18
                0x00000001                ASSERT (((_vector_spacing == 0x0) || (SIZEOF (.vector_18) <= (_vector_spacing << 0x5))), function at exception vector 18 too large)

.vector_19      0x9fc01460        0x8
 *(.vector_19)
 .vector_19     0x9fc01460        0x8 c:/program files/microchip/xc32/v2.50/bin/bin/../../lib/gcc/pic32mx/4.8.3/../../../../pic32mx/lib\libpic32.a(vector19.o)
                0x9fc01460                __vector_dispatch_19
                0x00000001                ASSERT (((_vector_spacing == 0x0) || (SIZEOF (.vector_19) <= (_vector_spacing << 0x5))), function at exception vector 19 too large)

.vector_20      0x9fc01480        0x8
 *(.vector_20)
 .vector_20     0x9fc01480        0x8 c:/program files/microchip/xc32/v2.50/bin/bin/../../lib/gcc/pic32mx/4.8.3/../../../../pic32mx/lib\libpic32.a(vector20.o)
                0x9fc01480                __vector_dispatch_20
                0x00000001                ASSERT (((_vector_spacing == 0x0) || (SIZEOF (.vector_20) <= (_vector_spacing << 0x5))), function at exception vector 20 too large)

.vector_21      0x9fc014a0        0x8
 *(.vector_21)
 .vector_21     0x9fc014a0        0x8 c:/program files/microchip/xc32/v2.50/bin/bin/../../lib/gcc/pic32mx/4.8.3/../../../../pic32mx/lib\libpic32.a(vector21.o)
                0x9fc014a0                __vector_dispatch_21
                0x00000001                ASSERT (((_vector_spacing == 0x0) || (SIZEOF (.vector_21) <= (_vector_spacing << 0x5))), function at exception vector 21 too large)

.vector_22      0x9fc014c0        0x8
 *(.vector_22)
 .vector_22     0x9fc014c0        0x8 c:/program files/microchip/xc32/v2.50/bin/bin/../../lib/gcc/pic32mx/4.8.3/../../../../pic32mx/lib\libpic32.a(vector22.o)
                0x9fc014c0                __vector_dispatch_22
                0x00000001                ASSERT (((_vector_spacing == 0x0) || (SIZEOF (.vector_22) <= (_vector_spacing << 0x5))), function at exception vector 22 too large)

.vector_23      0x9fc014e0        0x8
 *(.vector_23)
 .vector_23     0x9fc014e0        0x8 c:/program files/microchip/xc32/v2.50/bin/bin/../../lib/gcc/pic32mx/4.8.3/../../../../pic32mx/lib\libpic32.a(vector23.o)
                0x9fc014e0                __vector_dispatch_23
                0x00000001                ASSERT (((_vector_spacing == 0x0) || (SIZEOF (.vector_23) <= (_vector_spacing << 0x5))), function at exception vector 23 too large)

.vector_24      0x9fc01500        0x8
 *(.vector_24)
 .vector_24     0x9fc01500        0x8 c:/program files/microchip/xc32/v2.50/bin/bin/../../lib/gcc/pic32mx/4.8.3/../../../../pic32mx/lib\libpic32.a(vector24.o)
                0x9fc01500                __vector_dispatch_24
                0x00000001                ASSERT (((_vector_spacing == 0x0) || (SIZEOF (.vector_24) <= (_vector_spacing << 0x5))), function at exception vector 24 too large)

.vector_25      0x9fc01520        0x8
 *(.vector_25)
 .vector_25     0x9fc01520        0x8 c:/program files/microchip/xc32/v2.50/bin/bin/../../lib/gcc/pic32mx/4.8.3/../../../../pic32mx/lib\libpic32.a(vector25.o)
                0x9fc01520                __vector_dispatch_25
                0x00000001                ASSERT (((_vector_spacing == 0x0) || (SIZEOF (.vector_25) <= (_vector_spacing << 0x5))), function at exception vector 25 too large)

.vector_26      0x9fc01540        0x8
 *(.vector_26)
 .vector_26     0x9fc01540        0x8 c:/program files/microchip/xc32/v2.50/bin/bin/../../lib/gcc/pic32mx/4.8.3/../../../../pic32mx/lib\libpic32.a(vector26.o)
                0x9fc01540                __vector_dispatch_26
                0x00000001                ASSERT (((_vector_spacing == 0x0) || (SIZEOF (.vector_26) <= (_vector_spacing << 0x5))), function at exception vector 26 too large)

.vector_27      0x9fc01560        0x8
 *(.vector_27)
 .vector_27     0x9fc01560        0x8 c:/program files/microchip/xc32/v2.50/bin/bin/../../lib/gcc/pic32mx/4.8.3/../../../../pic32mx/lib\libpic32.a(vector27.o)
                0x9fc01560                __vector_dispatch_27
                0x00000001                ASSERT (((_vector_spacing == 0x0) || (SIZEOF (.vector_27) <= (_vector_spacing << 0x5))), function at exception vector 27 too large)

.vector_28      0x9fc01580        0x8
 *(.vector_28)
 .vector_28     0x9fc01580        0x8 c:/program files/microchip/xc32/v2.50/bin/bin/../../lib/gcc/pic32mx/4.8.3/../../../../pic32mx/lib\libpic32.a(vector28.o)
                0x9fc01580                __vector_dispatch_28
                0x00000001                ASSERT (((_vector_spacing == 0x0) || (SIZEOF (.vector_28) <= (_vector_spacing << 0x5))), function at exception vector 28 too large)

.vector_29      0x9fc015a0        0x8
 *(.vector_29)
 .vector_29     0x9fc015a0        0x8 c:/program files/microchip/xc32/v2.50/bin/bin/../../lib/gcc/pic32mx/4.8.3/../../../../pic32mx/lib\libpic32.a(vector29.o)
                0x9fc015a0                __vector_dispatch_29
                0x00000001                ASSERT (((_vector_spacing == 0x0) || (SIZEOF (.vector_29) <= (_vector_spacing << 0x5))), function at exception vector 29 too large)

.vector_30      0x9fc015c0        0x8
 *(.vector_30)
 .vector_30     0x9fc015c0        0x8 c:/program files/microchip/xc32/v2.50/bin/bin/../../lib/gcc/pic32mx/4.8.3/../../../../pic32mx/lib\libpic32.a(vector30.o)
                0x9fc015c0                __vector_dispatch_30
                0x00000001                ASSERT (((_vector_spacing == 0x0) || (SIZEOF (.vector_30) <= (_vector_spacing << 0x5))), function at exception vector 30 too large)

.vector_31      0x9fc015e0        0x8
 *(.vector_31)
 .vector_31     0x9fc015e0        0x8 c:/program files/microchip/xc32/v2.50/bin/bin/../../lib/gcc/pic32mx/4.8.3/../../../../pic32mx/lib\libpic32.a(vector31.o)
                0x9fc015e0                __vector_dispatch_31
                0x00000001                ASSERT (((_vector_spacing == 0x0) || (SIZEOF (.vector_31) <= (_vector_spacing << 0x5))), function at exception vector 31 too large)

.vector_32      0x9fc01600        0x8
 *(.vector_32)
 .vector_32     0x9fc01600        0x8 c:/program files/microchip/xc32/v2.50/bin/bin/../../lib/gcc/pic32mx/4.8.3/../../../../pic32mx/lib\libpic32.a(vector32.o)
                0x9fc01600                __vector_dispatch_32
                0x00000001                ASSERT (((_vector_spacing == 0x0) || (SIZEOF (.vector_32) <= (_vector_spacing << 0x5))), function at exception vector 32 too large)

.vector_33      0x9fc01620        0x8
 *(.vector_33)
 .vector_33     0x9fc01620        0x8 c:/program files/microchip/xc32/v2.50/bin/bin/../../lib/gcc/pic32mx/4.8.3/../../../../pic32mx/lib\libpic32.a(vector33.o)
                0x9fc01620                __vector_dispatch_33
                0x00000001                ASSERT (((_vector_spacing == 0x0) || (SIZEOF (.vector_33) <= (_vector_spacing << 0x5))), function at exception vector 33 too large)

.vector_34      0x9fc01640        0x8
 *(.vector_34)
 .vector_34     0x9fc01640        0x8 c:/program files/microchip/xc32/v2.50/bin/bin/../../lib/gcc/pic32mx/4.8.3/../../../../pic32mx/lib\libpic32.a(vector34.o)
                0x9fc01640                __vector_dispatch_34
                0x00000001                ASSERT (((_vector_spacing == 0x0) || (SIZEOF (.vector_34) <= (_vector_spacing << 0x5))), function at exception vector 34 too large)

.vector_35      0x9fc01660        0x8
 *(.vector_35)
 .vector_35     0x9fc01660        0x8 c:/program files/microchip/xc32/v2.50/bin/bin/../../lib/gcc/pic32mx/4.8.3/../../../../pic32mx/lib\libpic32.a(vector35.o)
                0x9fc01660                __vector_dispatch_35
                0x00000001                ASSERT (((_vector_spacing == 0x0) || (SIZEOF (.vector_35) <= (_vector_spacing << 0x5))), function at exception vector 35 too large)

.vector_36      0x9fc01680        0x8
 *(.vector_36)
 .vector_36     0x9fc01680        0x8 c:/program files/microchip/xc32/v2.50/bin/bin/../../lib/gcc/pic32mx/4.8.3/../../../../pic32mx/lib\libpic32.a(vector36.o)
                0x9fc01680                __vector_dispatch_36
                0x00000001                ASSERT (((_vector_spacing == 0x0) || (SIZEOF (.vector_36) <= (_vector_spacing << 0x5))), function at exception vector 36 too large)

.vector_37      0x9fc016a0        0x8
 *(.vector_37)
 .vector_37     0x9fc016a0        0x8 c:/program files/microchip/xc32/v2.50/bin/bin/../../lib/gcc/pic32mx/4.8.3/../../../../pic32mx/lib\libpic32.a(vector37.o)
                0x9fc016a0                __vector_dispatch_37
                0x00000001                ASSERT (((_vector_spacing == 0x0) || (SIZEOF (.vector_37) <= (_vector_spacing << 0x5))), function at exception vector 37 too large)

.vector_38      0x9fc016c0        0x8
 *(.vector_38)
 .vector_38     0x9fc016c0        0x8 c:/program files/microchip/xc32/v2.50/bin/bin/../../lib/gcc/pic32mx/4.8.3/../../../../pic32mx/lib\libpic32.a(vector38.o)
                0x9fc016c0                __vector_dispatch_38
                0x00000001                ASSERT (((_vector_spacing == 0x0) || (SIZEOF (.vector_38) <= (_vector_spacing << 0x5))), function at exception vector 38 too large)

.vector_39      0x9fc016e0        0x8
 *(.vector_39)
 .vector_39     0x9fc016e0        0x8 c:/program files/microchip/xc32/v2.50/bin/bin/../../lib/gcc/pic32mx/4.8.3/../../../../pic32mx/lib\libpic32.a(vector39.o)
                0x9fc016e0                __vector_dispatch_39
                0x00000001                ASSERT (((_vector_spacing == 0x0) || (SIZEOF (.vector_39) <= (_vector_spacing << 0x5))), function at exception vector 39 too large)

.vector_40      0x9fc01700        0x8
 *(.vector_40)
 .vector_40     0x9fc01700        0x8 c:/program files/microchip/xc32/v2.50/bin/bin/../../lib/gcc/pic32mx/4.8.3/../../../../pic32mx/lib\libpic32.a(vector40.o)
                0x9fc01700                __vector_dispatch_40
                0x00000001                ASSERT (((_vector_spacing == 0x0) || (SIZEOF (.vector_40) <= (_vector_spacing << 0x5))), function at exception vector 40 too large)

.vector_41      0x9fc01720        0x8
 *(.vector_41)
 .vector_41     0x9fc01720        0x8 c:/program files/microchip/xc32/v2.50/bin/bin/../../lib/gcc/pic32mx/4.8.3/../../../../pic32mx/lib\libpic32.a(vector41.o)
                0x9fc01720                __vector_dispatch_41
                0x00000001                ASSERT (((_vector_spacing == 0x0) || (SIZEOF (.vector_41) <= (_vector_spacing << 0x5))), function at exception vector 41 too large)

.vector_42      0x9fc01740        0x8
 *(.vector_42)
 .vector_42     0x9fc01740        0x8 c:/program files/microchip/xc32/v2.50/bin/bin/../../lib/gcc/pic32mx/4.8.3/../../../../pic32mx/lib\libpic32.a(vector42.o)
                0x9fc01740                __vector_dispatch_42
                0x00000001                ASSERT (((_vector_spacing == 0x0) || (SIZEOF (.vector_42) <= (_vector_spacing << 0x5))), function at exception vector 42 too large)

.vector_43      0x9fc01760        0x8
 *(.vector_43)
 .vector_43     0x9fc01760        0x8 c:/program files/microchip/xc32/v2.50/bin/bin/../../lib/gcc/pic32mx/4.8.3/../../../../pic32mx/lib\libpic32.a(vector43.o)
                0x9fc01760                __vector_dispatch_43
                0x00000001                ASSERT (((_vector_spacing == 0x0) || (SIZEOF (.vector_43) <= (_vector_spacing << 0x5))), function at exception vector 43 too large)

.vector_44      0x9fc01780        0x8
 *(.vector_44)
 .vector_44     0x9fc01780        0x8 c:/program files/microchip/xc32/v2.50/bin/bin/../../lib/gcc/pic32mx/4.8.3/../../../../pic32mx/lib\libpic32.a(vector44.o)
                0x9fc01780                __vector_dispatch_44
                0x00000001                ASSERT (((_vector_spacing == 0x0) || (SIZEOF (.vector_44) <= (_vector_spacing << 0x5))), function at exception vector 44 too large)

.vector_45      0x9fc017a0        0x8
 *(.vector_45)
 .vector_45     0x9fc017a0        0x8 c:/program files/microchip/xc32/v2.50/bin/bin/../../lib/gcc/pic32mx/4.8.3/../../../../pic32mx/lib\libpic32.a(vector45.o)
                0x9fc017a0                __vector_dispatch_45
                0x00000001                ASSERT (((_vector_spacing == 0x0) || (SIZEOF (.vector_45) <= (_vector_spacing << 0x5))), function at exception vector 45 too large)

.vector_46      0x9fc017c0        0x8
 *(.vector_46)
 .vector_46     0x9fc017c0        0x8 c:/program files/microchip/xc32/v2.50/bin/bin/../../lib/gcc/pic32mx/4.8.3/../../../../pic32mx/lib\libpic32.a(vector46.o)
                0x9fc017c0                __vector_dispatch_46
                0x00000001                ASSERT (((_vector_spacing == 0x0) || (SIZEOF (.vector_46) <= (_vector_spacing << 0x5))), function at exception vector 46 too large)

.vector_47      0x9fc017e0        0x8
 *(.vector_47)
 .vector_47     0x9fc017e0        0x8 c:/program files/microchip/xc32/v2.50/bin/bin/../../lib/gcc/pic32mx/4.8.3/../../../../pic32mx/lib\libpic32.a(vector47.o)
                0x9fc017e0                __vector_dispatch_47
                0x00000001                ASSERT (((_vector_spacing == 0x0) || (SIZEOF (.vector_47) <= (_vector_spacing << 0x5))), function at exception vector 47 too large)

.vector_48      0x9fc01800        0x8
 *(.vector_48)
 .vector_48     0x9fc01800        0x8 c:/program files/microchip/xc32/v2.50/bin/bin/../../lib/gcc/pic32mx/4.8.3/../../../../pic32mx/lib\libpic32.a(vector48.o)
                0x9fc01800                __vector_dispatch_48
                0x00000001                ASSERT (((_vector_spacing == 0x0) || (SIZEOF (.vector_48) <= (_vector_spacing << 0x5))), function at exception vector 48 too large)

.vector_49      0x9fc01820        0x8
 *(.vector_49)
 .vector_49     0x9fc01820        0x8 c:/program files/microchip/xc32/v2.50/bin/bin/../../lib/gcc/pic32mx/4.8.3/../../../../pic32mx/lib\libpic32.a(vector49.o)
                0x9fc01820                __vector_dispatch_49
                0x00000001                ASSERT (((_vector_spacing == 0x0) || (SIZEOF (.vector_49) <= (_vector_spacing << 0x5))), function at exception vector 49 too large)

.vector_50      0x9fc01840        0x8
 *(.vector_50)
 .vector_50     0x9fc01840        0x8 c:/program files/microchip/xc32/v2.50/bin/bin/../../lib/gcc/pic32mx/4.8.3/../../../../pic32mx/lib\libpic32.a(vector50.o)
                0x9fc01840                __vector_dispatch_50
                0x00000001                ASSERT (((_vector_spacing == 0x0) || (SIZEOF (.vector_50) <= (_vector_spacing << 0x5))), function at exception vector 50 too large)

.vector_51      0x9fc01860        0x8
 *(.vector_51)
 .vector_51     0x9fc01860        0x8 c:/program files/microchip/xc32/v2.50/bin/bin/../../lib/gcc/pic32mx/4.8.3/../../../../pic32mx/lib\libpic32.a(vector51.o)
                0x9fc01860                __vector_dispatch_51
                0x00000001                ASSERT (((_vector_spacing == 0x0) || (SIZEOF (.vector_51) <= (_vector_spacing << 0x5))), function at exception vector 51 too large)

.vector_52      0x9fc01880        0x0
 *(.vector_52)
                0x00000001                ASSERT (((_vector_spacing == 0x0) || (SIZEOF (.vector_52) <= (_vector_spacing << 0x5))), function at exception vector 52 too large)

.vector_53      0x9fc018a0        0x0
 *(.vector_53)
                0x00000001                ASSERT (((_vector_spacing == 0x0) || (SIZEOF (.vector_53) <= (_vector_spacing << 0x5))), function at exception vector 53 too large)

.vector_54      0x9fc018c0        0x0
 *(.vector_54)
                0x00000001                ASSERT (((_vector_spacing == 0x0) || (SIZEOF (.vector_54) <= (_vector_spacing << 0x5))), function at exception vector 54 too large)

.vector_55      0x9fc018e0        0x0
 *(.vector_55)
                0x00000001                ASSERT (((_vector_spacing == 0x0) || (SIZEOF (.vector_55) <= (_vector_spacing << 0x5))), function at exception vector 55 too large)

.vector_56      0x9fc01900        0x0
 *(.vector_56)
                0x00000001                ASSERT (((_vector_spacing == 0x0) || (SIZEOF (.vector_56) <= (_vector_spacing << 0x5))), function at exception vector 56 too large)

.vector_57      0x9fc01920        0x0
 *(.vector_57)
                0x00000001                ASSERT (((_vector_spacing == 0x0) || (SIZEOF (.vector_57) <= (_vector_spacing << 0x5))), function at exception vector 57 too large)

.vector_58      0x9fc01940        0x0
 *(.vector_58)
                0x00000001                ASSERT (((_vector_spacing == 0x0) || (SIZEOF (.vector_58) <= (_vector_spacing << 0x5))), function at exception vector 58 too large)

.vector_59      0x9fc01960        0x0
 *(.vector_59)
                0x00000001                ASSERT (((_vector_spacing == 0x0) || (SIZEOF (.vector_59) <= (_vector_spacing << 0x5))), function at exception vector 59 too large)

.vector_60      0x9fc01980        0x0
 *(.vector_60)
                0x00000001                ASSERT (((_vector_spacing == 0x0) || (SIZEOF (.vector_60) <= (_vector_spacing << 0x5))), function at exception vector 60 too large)

.vector_61      0x9fc019a0        0x0
 *(.vector_61)
                0x00000001                ASSERT (((_vector_spacing == 0x0) || (SIZEOF (.vector_61) <= (_vector_spacing << 0x5))), function at exception vector 61 too large)

.vector_62      0x9fc019c0        0x0
 *(.vector_62)
                0x00000001                ASSERT (((_vector_spacing == 0x0) || (SIZEOF (.vector_62) <= (_vector_spacing << 0x5))), function at exception vector 62 too large)

.vector_63      0x9fc019e0        0x0
 *(.vector_63)
                0x00000001                ASSERT (((_vector_spacing == 0x0) || (SIZEOF (.vector_63) <= (_vector_spacing << 0x5))), function at exception vector 63 too large)

.startup
 *(.startup)

.text           0x9d000000        0x0
 *(.stub .gnu.linkonce.t.*)
 *(.text.*personality*)
 *(.mips16.fn.*)
 *(.mips16.call.*)
 *(.gnu.warning)
                0x9d000000                . = ALIGN (0x4)

.init           0x9d000000        0x0
 *crti.o(.init)
 *crtbegin.o(.init)
 *(EXCLUDE_FILE(*crtn.o *crtend?.o *crtend.o) .init)
 *crtend.o(.init)
 *crtn.o(.init)
                0x9d000000                . = ALIGN (0x4)

.fini           0x9d000000        0x0
 *(.fini)
                0x9d000000                . = ALIGN (0x4)

.preinit_array  0x9d000000        0x0
                0x9d000000                PROVIDE (__preinit_array_start, .)
 *(.preinit_array)
                0x9d000000                PROVIDE (__preinit_array_end, .)
                0x9d000000                . = ALIGN (0x4)

.init_array     0x9d000000        0x0
                0x9d000000                PROVIDE (__init_array_start, .)
 *(SORT(.init_array.*))
 *(.init_array)
                0x9d000000                PROVIDE (__init_array_end, .)
                0x9d000000                . = ALIGN (0x4)

.fini_array     0x9d000000        0x0
                0x9d000000                PROVIDE (__fini_array_start, .)
 *(SORT(.fini_array.*))
 *(.fini_array)
                0x9d000000                PROVIDE (__fini_array_end, .)
                0x9d000000                . = ALIGN (0x4)

.ctors          0x9d000000        0x0
 *crtbegin.o(.ctors)
 *crtbegin?.o(.ctors)
 *(EXCLUDE_FILE(*crtend?.o *crtend.o) .ctors)
 *(SORT(.ctors.*))
 *(.ctors)
                0x9d000000                . = ALIGN (0x4)

.dtors          0x9d000000        0x0
 *crtbegin.o(.dtors)
 *crtbegin?.o(.dtors)
 *(EXCLUDE_FILE(*crtend?.o *crtend.o) .dtors)
 *(SORT(.dtors.*))
 *(.dtors)
                0x9d000000                . = ALIGN (0x4)

.rodata         0x9d000000        0x0
 *(.gnu.linkonce.r.*)
 *(.rodata1)
                0x9d000000                . = ALIGN (0x4)

.sdata2         0x9fc00490        0x0
 *(.sdata2 .sdata2.* .gnu.linkonce.s2.*)
                0x9fc00490                . = ALIGN (0x4)

.sbss2          0x9fc00490        0x0
 *(.sbss2 .sbss2.* .gnu.linkonce.sb2.*)
                0x9fc00490                . = ALIGN (0x4)

.eh_frame_hdr
 *(.eh_frame_hdr)
                0x9fc00490                . = ALIGN (0x4)

.eh_frame
 *(.eh_frame)
                0x9fc00490                . = ALIGN (0x4)

.gcc_except_table
 *(.gcc_except_table .gcc_except_table.*)
                0x9fc00490                . = ALIGN (0x4)

.dbg_data       0xa0000200        0x0
                0xa0000200                . = (. + DEFINED (_DEBUGGER)?0x200:0x0)

.jcr            0xa0000200        0x0
 *(.jcr)
                0xa0000200                . = ALIGN (0x4)

.eh_frame
 *(.eh_frame)
                0xa0000200                . = ALIGN (0x4)

.gcc_except_table
 *(.gcc_except_table .gcc_except_table.*)
                0xa0000200                . = ALIGN (0x4)

.persist        0xa0000200        0x0
                0xa0000200                _persist_begin = .
 *(.persist .persist.*)
 *(.pbss .pbss.*)
                0xa0000200                . = ALIGN (0x4)
                0xa0000200                _persist_end = .

.data           0xa0000200        0x0
 *(.gnu.linkonce.d.*)
 *(.data1)
                0xa0000200                . = ALIGN (0x4)
                0xa0000200                . = .
                0xa00081f0                _gp = (ALIGN (0x10) + 0x7ff0)

.got            0xa0000200        0x0
 *(.got.plt)
 *(.got)
                0xa0000200                . = ALIGN (0x4)

.sdata          0xa0000200        0x4
                0xa0000200                _sdata_begin = .
 *(.sdata .sdata.* .gnu.linkonce.s.*)
 .sdata         0xa0000200        0x4 c:/program files/microchip/xc32/v2.50/bin/bin/../../lib/gcc/pic32mx/4.8.3/../../../../pic32mx/lib\libpic32.a(xc32_uart.o)
                0xa0000200                __XC_UART
                0xa0000204                . = ALIGN (0x4)
                0xa0000204                _sdata_end = .

.lit8
 *(.lit8)

.lit4
 *(.lit4)
                0xa0000204                . = ALIGN (0x4)
                0xa0000204                _data_end = .
                0xa0000204                _bss_begin = .

.sbss           0xa0000204       0x14
                0xa0000204                _sbss_begin = .
 *(.dynsbss)
 *(.sbss .sbss.* .gnu.linkonce.sb.*)
 .sbss          0xa0000204        0x8 build/default/debug/_ext/1688732426/system_exceptions.o
 *(.scommon)
 .scommon       0xa000020c        0x8 build/default/debug/_ext/340578644/sys_devcon.o
                0xa000020c                sysDevconObj
 .scommon       0xa0000214        0x0 build/default/debug/_ext/1688732426/system_init.o
                0xa0000214                sysObj
 .scommon       0xa0000214        0x4 build/default/debug/_ext/1360937237/app.o
                0xa0000214                appData
                0xa0000218                _sbss_end = .
                0xa0000218                . = ALIGN (0x4)

.bss            0xa0000218        0x0
 *(.dynbss)
 *(COMMON)
                0xa0000218                . = ALIGN ((. != 0x0)?0x4:0x1)
                0xa0000218                . = ALIGN (0x4)
                0xa0000218                _end = .
                0xa0000218                _bss_end = .
                0x00020000                _bmxdudba_address = 0x20000
                0x00020000                _bmxdupba_address = 0x20000

/DISCARD/
 *(.pdr)
 *(.rel.dyn)
 *(.note.GNU-stack)
 *(.note.GNU-stack)
 *(.gnu_debuglink)
 *(.gnu.lto_*)
 *(.discard)

.gptab.sdata
 *(.gptab.data)
 *(.gptab.sdata)

.gptab.sbss
 *(.gptab.bss)
 *(.gptab.sbss)

.mdebug.abi32   0xa0000218        0x0
 *(.mdebug.abi32)
 .mdebug.abi32  0xa0000218        0x0 c:/program files/microchip/xc32/v2.50/bin/bin/../../lib/gcc/pic32mx/4.8.3/../../../../pic32mx/lib\software-debug-break.o
 .mdebug.abi32  0xa0000218        0x0 build/default/debug/_ext/639803181/sys_clk_pic32mx.o
 .mdebug.abi32  0xa0000218        0x0 build/default/debug/_ext/340578644/sys_devcon.o
 .mdebug.abi32  0xa0000218        0x0 build/default/debug/_ext/340578644/sys_devcon_pic32mx.o
 .mdebug.abi32  0xa0000218        0x0 build/default/debug/_ext/822048611/sys_ports_static.o
 .mdebug.abi32  0xa0000218        0x0 build/default/debug/_ext/1688732426/system_init.o
 .mdebug.abi32  0xa0000218        0x0 build/default/debug/_ext/1688732426/system_interrupt.o
 .mdebug.abi32  0xa0000218        0x0 build/default/debug/_ext/1688732426/system_exceptions.o
 .mdebug.abi32  0xa0000218        0x0 build/default/debug/_ext/1688732426/system_tasks.o
 .mdebug.abi32  0xa0000218        0x0 build/default/debug/_ext/1360937237/app.o
 .mdebug.abi32  0xa0000218        0x0 build/default/debug/_ext/1360937237/main.o
 .mdebug.abi32  0xa0000218        0x0 build/default/debug/_ext/326400065/bsp.o
 .mdebug.abi32  0xa0000218        0x0 build/default/debug/_ext/326400065/Mc32Delays.o
 .mdebug.abi32  0xa0000218        0x0 build/default/debug/_ext/326400065/Mc32DriverAdc.o
 .mdebug.abi32  0xa0000218        0x0 build/default/debug/_ext/326400065/Mc32DriverAdcAlt.o
 .mdebug.abi32  0xa0000218        0x0 build/default/debug/_ext/326400065/Mc32DriverLcd.o
 .mdebug.abi32  0xa0000218        0x0 build/default/debug/_ext/326400065/Mc32CoreTimer.o
 .mdebug.abi32  0xa0000218        0x0 build/default/debug/_ext/711155467/sys_int_pic32.o
 .mdebug.abi32  0xa0000218        0x0 c:/program files/microchip/xc32/v2.50/bin/bin/../../lib/gcc/pic32mx/4.8.3/../../../../pic32mx/lib\libpic32.a(default-bootstrap-exception-handler.o)
 .mdebug.abi32  0xa0000218        0x0 c:/program files/microchip/xc32/v2.50/bin/bin/../../lib/gcc/pic32mx/4.8.3/../../../../pic32mx/lib\libpic32.a(default-on-reset.o)
 .mdebug.abi32  0xa0000218        0x0 c:/program files/microchip/xc32/v2.50/bin/bin/../../lib/gcc/pic32mx/4.8.3/../../../../pic32mx/lib\libpic32.a(default-on-bootstrap.o)
 .mdebug.abi32  0xa0000218        0x0 c:/program files/microchip/xc32/v2.50/bin/bin/../../lib/gcc/pic32mx/4.8.3/../../../../pic32mx/lib\libpic32.a(defaultinterrupt.o)
 .mdebug.abi32  0xa0000218        0x0 c:/program files/microchip/xc32/v2.50/bin/bin/../../lib/gcc/pic32mx/4.8.3/../../../../pic32mx/lib\libc.a(vsprintf.o)
 .mdebug.abi32  0xa0000218        0x0 c:/program files/microchip/xc32/v2.50/bin/bin/../../lib/gcc/pic32mx/4.8.3/../../../../pic32mx/lib\libc.a(doprnt.o)
 .mdebug.abi32  0xa0000218        0x0 c:/program files/microchip/xc32/v2.50/bin/bin/../../lib/gcc/pic32mx/4.8.3/../../../../pic32mx/lib\libc.a(_fputc_simple.o)
 .mdebug.abi32  0xa0000218        0x0 c:/program files/microchip/xc32/v2.50/bin/bin/../../lib/gcc/pic32mx/4.8.3/../../../../pic32mx/lib\libc.a(ctype.o)
 .mdebug.abi32  0xa0000218        0x0 c:/program files/microchip/xc32/v2.50/bin/bin/../../lib/gcc/pic32mx/4.8.3/../../../../pic32mx/lib\libc.a(ldpowers.o)
 .mdebug.abi32  0xa0000218        0x0 c:/program files/microchip/xc32/v2.50/bin/bin/../../lib/gcc/pic32mx/4.8.3/../../../../pic32mx/lib\libc.a(_iob.o)
 .mdebug.abi32  0xa0000218        0x0 c:/program files/microchip/xc32/v2.50/bin/bin/../../lib/gcc/pic32mx/4.8.3/../../../../pic32mx/lib\libc.a(_flsbuf_simple.o)
 .mdebug.abi32  0xa0000218        0x0 c:/program files/microchip/xc32/v2.50/bin/bin/../../lib/gcc/pic32mx/4.8.3/../../../../pic32mx/lib\libe.a(_fixunsdfdi.o)
 .mdebug.abi32  0xa0000218        0x0 c:/program files/microchip/xc32/v2.50/bin/bin/../../lib/gcc/pic32mx/4.8.3/../../../../pic32mx/lib\libe.a(_orderdf2.o)
 .mdebug.abi32  0xa0000218        0x0 c:/program files/microchip/xc32/v2.50/bin/bin/../../lib/gcc/pic32mx/4.8.3/../../../../pic32mx/lib\libe.a(_fixdfdi.o)
 .mdebug.abi32  0xa0000218        0x0 c:/program files/microchip/xc32/v2.50/bin/bin/../../lib/gcc/pic32mx/4.8.3\libgcc.a(_floatundidf.o)
 .mdebug.abi32  0xa0000218        0x0 c:/program files/microchip/xc32/v2.50/bin/bin/../../lib/gcc/pic32mx/4.8.3\libgcc.a(_udivdi3.o)
 .mdebug.abi32  0xa0000218        0x0 c:/program files/microchip/xc32/v2.50/bin/bin/../../lib/gcc/pic32mx/4.8.3\libgcc.a(_umoddi3.o)
 .mdebug.abi32  0xa0000218        0x0 c:/program files/microchip/xc32/v2.50/bin/bin/../../lib/gcc/pic32mx/4.8.3\libgcc.a(floatunsidf.o)
 .mdebug.abi32  0xa0000218        0x0 c:/program files/microchip/xc32/v2.50/bin/bin/../../lib/gcc/pic32mx/4.8.3/../../../../pic32mx/lib\libpic32.a(write.o)
 .mdebug.abi32  0xa0000218        0x0 c:/program files/microchip/xc32/v2.50/bin/bin/../../lib/gcc/pic32mx/4.8.3/../../../../pic32mx/lib\libpic32.a(_mon_putc.o)
 .mdebug.abi32  0xa0000218        0x0 c:/program files/microchip/xc32/v2.50/bin/bin/../../lib/gcc/pic32mx/4.8.3/../../../../pic32mx/lib\libpic32.a(xc32_uart.o)

.mdebug.abiN32
 *(.mdebug.abiN32)

.mdebug.abi64
 *(.mdebug.abi64)

.mdebug.abiO64
 *(.mdebug.abiO64)

.mdebug.eabi32
 *(.mdebug.eabi32)

.mdebug.eabi64
 *(.mdebug.eabi64)

.gcc_compiled_long32
 *(.gcc_compiled_long32)

.gcc_compiled_long64
 *(.gcc_compiled_long64)

.stab
 *(.stab)

.stabstr
 *(.stabstr)

.stab.excl
 *(.stab.excl)

.stab.exclstr
 *(.stab.exclstr)

.stab.index
 *(.stab.index)

.stab.indexstr
 *(.stab.indexstr)

.comment        0x00000000      0x1c9
 *(.comment)
 .comment       0x00000000       0x3c c:/program files/microchip/xc32/v2.50/bin/bin/../../lib/gcc/pic32mx/4.8.3/../../../../pic32mx/lib\software-debug-break.o
                                 0x3d (size before relaxing)
 .comment       0x00000000       0x3d build/default/debug/_ext/639803181/sys_clk_pic32mx.o
 .comment       0x00000000       0x3d build/default/debug/_ext/340578644/sys_devcon.o
 .comment       0x00000000       0x3d build/default/debug/_ext/340578644/sys_devcon_pic32mx.o
 .comment       0x00000000       0x3d build/default/debug/_ext/822048611/sys_ports_static.o
 .comment       0x00000000       0x3d build/default/debug/_ext/1688732426/system_init.o
 .comment       0x00000000       0x3d build/default/debug/_ext/1688732426/system_interrupt.o
 .comment       0x00000000       0x3d build/default/debug/_ext/1688732426/system_exceptions.o
 .comment       0x00000000       0x3d build/default/debug/_ext/1688732426/system_tasks.o
 .comment       0x00000000       0x3d build/default/debug/_ext/1360937237/app.o
 .comment       0x00000000       0x3d build/default/debug/_ext/1360937237/main.o
 .comment       0x00000000       0x3d build/default/debug/_ext/326400065/bsp.o
 .comment       0x00000000       0x3d build/default/debug/_ext/326400065/Mc32Delays.o
 .comment       0x00000000       0x3d build/default/debug/_ext/326400065/Mc32DriverAdc.o
 .comment       0x00000000       0x3d build/default/debug/_ext/326400065/Mc32DriverAdcAlt.o
 .comment       0x00000000       0x3d build/default/debug/_ext/326400065/Mc32DriverLcd.o
 .comment       0x00000000       0x3d build/default/debug/_ext/326400065/Mc32CoreTimer.o
 .comment       0x00000000       0x3d build/default/debug/_ext/711155467/sys_int_pic32.o
 .comment       0x00000000       0x3d c:/program files/microchip/xc32/v2.50/bin/bin/../../lib/gcc/pic32mx/4.8.3/../../../../pic32mx/lib\libpic32.a(default-bootstrap-exception-handler.o)
 .comment       0x00000000       0x3d c:/program files/microchip/xc32/v2.50/bin/bin/../../lib/gcc/pic32mx/4.8.3/../../../../pic32mx/lib\libpic32.a(default-on-reset.o)
 .comment       0x00000000       0x3d c:/program files/microchip/xc32/v2.50/bin/bin/../../lib/gcc/pic32mx/4.8.3/../../../../pic32mx/lib\libpic32.a(default-on-bootstrap.o)
 .comment       0x00000000       0x3d c:/program files/microchip/xc32/v2.50/bin/bin/../../lib/gcc/pic32mx/4.8.3/../../../../pic32mx/lib\libpic32.a(defaultinterrupt.o)
 .comment       0x00000000       0x3d c:/program files/microchip/xc32/v2.50/bin/bin/../../lib/gcc/pic32mx/4.8.3/../../../../pic32mx/lib\libc.a(vsprintf.o)
 .comment       0x00000000       0x3d c:/program files/microchip/xc32/v2.50/bin/bin/../../lib/gcc/pic32mx/4.8.3/../../../../pic32mx/lib\libc.a(doprnt.o)
 .comment       0x00000000       0x3d c:/program files/microchip/xc32/v2.50/bin/bin/../../lib/gcc/pic32mx/4.8.3/../../../../pic32mx/lib\libc.a(_fputc_simple.o)
 .comment       0x0000003c       0x4e c:/program files/microchip/xc32/v2.50/bin/bin/../../lib/gcc/pic32mx/4.8.3/../../../../pic32mx/lib\libc.a(ctype.o)
                                 0x8b (size before relaxing)
 .comment       0x00000000       0x3d c:/program files/microchip/xc32/v2.50/bin/bin/../../lib/gcc/pic32mx/4.8.3/../../../../pic32mx/lib\libc.a(ldpowers.o)
 .comment       0x00000000       0x3d c:/program files/microchip/xc32/v2.50/bin/bin/../../lib/gcc/pic32mx/4.8.3/../../../../pic32mx/lib\libc.a(_iob.o)
 .comment       0x00000000       0x3d c:/program files/microchip/xc32/v2.50/bin/bin/../../lib/gcc/pic32mx/4.8.3/../../../../pic32mx/lib\libc.a(_flsbuf_simple.o)
 .comment       0x0000008a       0x9f c:/program files/microchip/xc32/v2.50/bin/bin/../../lib/gcc/pic32mx/4.8.3/../../../../pic32mx/lib\libe.a(_fixunsdfdi.o)
                                 0xdc (size before relaxing)
 .comment       0x00000129       0x50 c:/program files/microchip/xc32/v2.50/bin/bin/../../lib/gcc/pic32mx/4.8.3/../../../../pic32mx/lib\libe.a(_orderdf2.o)
                                 0xdb (size before relaxing)
 .comment       0x00000179       0x50 c:/program files/microchip/xc32/v2.50/bin/bin/../../lib/gcc/pic32mx/4.8.3/../../../../pic32mx/lib\libe.a(_fixdfdi.o)
                                 0xdb (size before relaxing)
 .comment       0x00000000       0x3d c:/program files/microchip/xc32/v2.50/bin/bin/../../lib/gcc/pic32mx/4.8.3\libgcc.a(_floatundidf.o)
 .comment       0x00000000       0x3d c:/program files/microchip/xc32/v2.50/bin/bin/../../lib/gcc/pic32mx/4.8.3\libgcc.a(_udivdi3.o)
 .comment       0x00000000       0x3d c:/program files/microchip/xc32/v2.50/bin/bin/../../lib/gcc/pic32mx/4.8.3\libgcc.a(_umoddi3.o)
 .comment       0x00000000       0x3d c:/program files/microchip/xc32/v2.50/bin/bin/../../lib/gcc/pic32mx/4.8.3\libgcc.a(floatunsidf.o)
 .comment       0x00000000       0x3d c:/program files/microchip/xc32/v2.50/bin/bin/../../lib/gcc/pic32mx/4.8.3/../../../../pic32mx/lib\libpic32.a(write.o)
 .comment       0x00000000       0x3d c:/program files/microchip/xc32/v2.50/bin/bin/../../lib/gcc/pic32mx/4.8.3/../../../../pic32mx/lib\libpic32.a(_mon_putc.o)
 .comment       0x00000000       0x3d c:/program files/microchip/xc32/v2.50/bin/bin/../../lib/gcc/pic32mx/4.8.3/../../../../pic32mx/lib\libpic32.a(xc32_uart.o)

.debug
 *(.debug)

.line
 *(.line)

.debug_srcinfo
 *(.debug_srcinfo)

.debug_sfnames
 *(.debug_sfnames)

.debug_aranges  0x00000000      0x780
 *(.debug_aranges)
 .debug_aranges
                0x00000000       0x20 c:/program files/microchip/xc32/v2.50/bin/bin/../../lib/gcc/pic32mx/4.8.3/../../../../pic32mx/lib\software-debug-break.o
 .debug_aranges
                0x00000020       0x50 build/default/debug/_ext/639803181/sys_clk_pic32mx.o
 .debug_aranges
                0x00000070       0x78 build/default/debug/_ext/340578644/sys_devcon.o
 .debug_aranges
                0x000000e8       0x20 build/default/debug/_ext/340578644/sys_devcon_pic32mx.o
 .debug_aranges
                0x00000108      0x148 build/default/debug/_ext/822048611/sys_ports_static.o
 .debug_aranges
                0x00000250       0x20 build/default/debug/_ext/1688732426/system_init.o
 .debug_aranges
                0x00000270       0x20 build/default/debug/_ext/1688732426/system_interrupt.o
 .debug_aranges
                0x00000290       0x20 build/default/debug/_ext/1688732426/system_exceptions.o
 .debug_aranges
                0x000002b0       0x20 build/default/debug/_ext/1688732426/system_tasks.o
 .debug_aranges
                0x000002d0       0x28 build/default/debug/_ext/1360937237/app.o
 .debug_aranges
                0x000002f8       0x20 build/default/debug/_ext/1360937237/main.o
 .debug_aranges
                0x00000318       0x60 build/default/debug/_ext/326400065/bsp.o
 .debug_aranges
                0x00000378       0x48 build/default/debug/_ext/326400065/Mc32Delays.o
 .debug_aranges
                0x000003c0       0x28 build/default/debug/_ext/326400065/Mc32DriverAdc.o
 .debug_aranges
                0x000003e8       0x28 build/default/debug/_ext/326400065/Mc32DriverAdcAlt.o
 .debug_aranges
                0x00000410       0x80 build/default/debug/_ext/326400065/Mc32DriverLcd.o
 .debug_aranges
                0x00000490       0x38 build/default/debug/_ext/326400065/Mc32CoreTimer.o
 .debug_aranges
                0x000004c8       0x48 build/default/debug/_ext/711155467/sys_int_pic32.o
 .debug_aranges
                0x00000510       0x40 C:\Users\JERJEA~1\AppData\Local\Temp\cc8454W5.o
 .debug_aranges
                0x00000550       0x20 c:/program files/microchip/xc32/v2.50/bin/bin/../../lib/gcc/pic32mx/4.8.3/../../../../pic32mx/lib\libpic32.a(default-bootstrap-exception-handler.o)
 .debug_aranges
                0x00000570       0x20 c:/program files/microchip/xc32/v2.50/bin/bin/../../lib/gcc/pic32mx/4.8.3/../../../../pic32mx/lib\libpic32.a(default-on-reset.o)
 .debug_aranges
                0x00000590       0x20 c:/program files/microchip/xc32/v2.50/bin/bin/../../lib/gcc/pic32mx/4.8.3/../../../../pic32mx/lib\libpic32.a(default-on-bootstrap.o)
 .debug_aranges
                0x000005b0       0x20 c:/program files/microchip/xc32/v2.50/bin/bin/../../lib/gcc/pic32mx/4.8.3/../../../../pic32mx/lib\libpic32.a(defaultinterrupt.o)
 .debug_aranges
                0x000005d0       0x20 c:/program files/microchip/xc32/v2.50/bin/bin/../../lib/gcc/pic32mx/4.8.3/../../../../pic32mx/lib\libc.a(vsprintf.o)
 .debug_aranges
                0x000005f0       0x30 c:/program files/microchip/xc32/v2.50/bin/bin/../../lib/gcc/pic32mx/4.8.3/../../../../pic32mx/lib\libc.a(doprnt.o)
 .debug_aranges
                0x00000620       0x20 c:/program files/microchip/xc32/v2.50/bin/bin/../../lib/gcc/pic32mx/4.8.3/../../../../pic32mx/lib\libc.a(_fputc_simple.o)
 .debug_aranges
                0x00000640       0x20 c:/program files/microchip/xc32/v2.50/bin/bin/../../lib/gcc/pic32mx/4.8.3/../../../../pic32mx/lib\libc.a(_flsbuf_simple.o)
 .debug_aranges
                0x00000660       0x20 c:/program files/microchip/xc32/v2.50/bin/bin/../../lib/gcc/pic32mx/4.8.3/../../../../pic32mx/lib\libe.a(_fixunsdfdi.o)
 .debug_aranges
                0x00000680       0x20 c:/program files/microchip/xc32/v2.50/bin/bin/../../lib/gcc/pic32mx/4.8.3/../../../../pic32mx/lib\libe.a(_orderdf2.o)
 .debug_aranges
                0x000006a0       0x20 c:/program files/microchip/xc32/v2.50/bin/bin/../../lib/gcc/pic32mx/4.8.3/../../../../pic32mx/lib\libe.a(_fixdfdi.o)
 .debug_aranges
                0x000006c0       0x20 c:/program files/microchip/xc32/v2.50/bin/bin/../../lib/gcc/pic32mx/4.8.3\libgcc.a(_floatundidf.o)
 .debug_aranges
                0x000006e0       0x20 c:/program files/microchip/xc32/v2.50/bin/bin/../../lib/gcc/pic32mx/4.8.3\libgcc.a(_udivdi3.o)
 .debug_aranges
                0x00000700       0x20 c:/program files/microchip/xc32/v2.50/bin/bin/../../lib/gcc/pic32mx/4.8.3\libgcc.a(_umoddi3.o)
 .debug_aranges
                0x00000720       0x20 c:/program files/microchip/xc32/v2.50/bin/bin/../../lib/gcc/pic32mx/4.8.3\libgcc.a(floatunsidf.o)
 .debug_aranges
                0x00000740       0x20 c:/program files/microchip/xc32/v2.50/bin/bin/../../lib/gcc/pic32mx/4.8.3/../../../../pic32mx/lib\libpic32.a(write.o)
 .debug_aranges
                0x00000760       0x20 c:/program files/microchip/xc32/v2.50/bin/bin/../../lib/gcc/pic32mx/4.8.3/../../../../pic32mx/lib\libpic32.a(_mon_putc.o)

.debug_pubnames
 *(.debug_pubnames)

.debug_info     0x00000000    0x1962d
 *(.debug_info .gnu.linkonce.wi.*)
 .debug_info    0x00000000       0xe3 c:/program files/microchip/xc32/v2.50/bin/bin/../../lib/gcc/pic32mx/4.8.3/../../../../pic32mx/lib\software-debug-break.o
 .debug_info    0x000000e3     0x14d6 build/default/debug/_ext/639803181/sys_clk_pic32mx.o
 .debug_info    0x000015b9     0x18bf build/default/debug/_ext/340578644/sys_devcon.o
 .debug_info    0x00002e78     0x18c6 build/default/debug/_ext/340578644/sys_devcon_pic32mx.o
 .debug_info    0x0000473e     0x4142 build/default/debug/_ext/822048611/sys_ports_static.o
 .debug_info    0x00008880      0xf7c build/default/debug/_ext/1688732426/system_init.o
 .debug_info    0x000097fc     0x1507 build/default/debug/_ext/1688732426/system_interrupt.o
 .debug_info    0x0000ad03      0xaa8 build/default/debug/_ext/1688732426/system_exceptions.o
 .debug_info    0x0000b7ab      0x94f build/default/debug/_ext/1688732426/system_tasks.o
 .debug_info    0x0000c0fa     0x1e1a build/default/debug/_ext/1360937237/app.o
 .debug_info    0x0000df14      0x1ad build/default/debug/_ext/1360937237/main.o
 .debug_info    0x0000e0c1     0x1f15 build/default/debug/_ext/326400065/bsp.o
 .debug_info    0x0000ffd6      0x2df build/default/debug/_ext/326400065/Mc32Delays.o
 .debug_info    0x000102b5     0x24d2 build/default/debug/_ext/326400065/Mc32DriverAdc.o
 .debug_info    0x00012787     0x29bd build/default/debug/_ext/326400065/Mc32DriverAdcAlt.o
 .debug_info    0x00015144      0xf5b build/default/debug/_ext/326400065/Mc32DriverLcd.o
 .debug_info    0x0001609f      0x24d build/default/debug/_ext/326400065/Mc32CoreTimer.o
 .debug_info    0x000162ec     0x1596 build/default/debug/_ext/711155467/sys_int_pic32.o
 .debug_info    0x00017882       0xcb C:\Users\JERJEA~1\AppData\Local\Temp\cc8454W5.o
 .debug_info    0x0001794d       0xf4 c:/program files/microchip/xc32/v2.50/bin/bin/../../lib/gcc/pic32mx/4.8.3/../../../../pic32mx/lib\libpic32.a(default-bootstrap-exception-handler.o)
 .debug_info    0x00017a41       0xcd c:/program files/microchip/xc32/v2.50/bin/bin/../../lib/gcc/pic32mx/4.8.3/../../../../pic32mx/lib\libpic32.a(default-on-reset.o)
 .debug_info    0x00017b0e       0xd5 c:/program files/microchip/xc32/v2.50/bin/bin/../../lib/gcc/pic32mx/4.8.3/../../../../pic32mx/lib\libpic32.a(default-on-bootstrap.o)
 .debug_info    0x00017be3       0xe7 c:/program files/microchip/xc32/v2.50/bin/bin/../../lib/gcc/pic32mx/4.8.3/../../../../pic32mx/lib\libpic32.a(defaultinterrupt.o)
 .debug_info    0x00017cca       0xc8 c:/program files/microchip/xc32/v2.50/bin/bin/../../lib/gcc/pic32mx/4.8.3/../../../../pic32mx/lib\libc.a(vsprintf.o)
 .debug_info    0x00017d92       0xfe c:/program files/microchip/xc32/v2.50/bin/bin/../../lib/gcc/pic32mx/4.8.3/../../../../pic32mx/lib\libc.a(doprnt.o)
 .debug_info    0x00017e90       0xc2 c:/program files/microchip/xc32/v2.50/bin/bin/../../lib/gcc/pic32mx/4.8.3/../../../../pic32mx/lib\libc.a(_fputc_simple.o)
 .debug_info    0x00017f52       0xc5 c:/program files/microchip/xc32/v2.50/bin/bin/../../lib/gcc/pic32mx/4.8.3/../../../../pic32mx/lib\libc.a(_flsbuf_simple.o)
 .debug_info    0x00018017       0xce c:/program files/microchip/xc32/v2.50/bin/bin/../../lib/gcc/pic32mx/4.8.3/../../../../pic32mx/lib\libe.a(_fixunsdfdi.o)
 .debug_info    0x000180e5       0xba c:/program files/microchip/xc32/v2.50/bin/bin/../../lib/gcc/pic32mx/4.8.3/../../../../pic32mx/lib\libe.a(_orderdf2.o)
 .debug_info    0x0001819f       0xb9 c:/program files/microchip/xc32/v2.50/bin/bin/../../lib/gcc/pic32mx/4.8.3/../../../../pic32mx/lib\libe.a(_fixdfdi.o)
 .debug_info    0x00018258      0x245 c:/program files/microchip/xc32/v2.50/bin/bin/../../lib/gcc/pic32mx/4.8.3\libgcc.a(_floatundidf.o)
 .debug_info    0x0001849d      0x74b c:/program files/microchip/xc32/v2.50/bin/bin/../../lib/gcc/pic32mx/4.8.3\libgcc.a(_udivdi3.o)
 .debug_info    0x00018be8      0x788 c:/program files/microchip/xc32/v2.50/bin/bin/../../lib/gcc/pic32mx/4.8.3\libgcc.a(_umoddi3.o)
 .debug_info    0x00019370      0x137 c:/program files/microchip/xc32/v2.50/bin/bin/../../lib/gcc/pic32mx/4.8.3\libgcc.a(floatunsidf.o)
 .debug_info    0x000194a7       0xbf c:/program files/microchip/xc32/v2.50/bin/bin/../../lib/gcc/pic32mx/4.8.3/../../../../pic32mx/lib\libpic32.a(write.o)
 .debug_info    0x00019566       0xc7 c:/program files/microchip/xc32/v2.50/bin/bin/../../lib/gcc/pic32mx/4.8.3/../../../../pic32mx/lib\libpic32.a(_mon_putc.o)

.debug_abbrev   0x00000000     0x23ff
 *(.debug_abbrev)
 .debug_abbrev  0x00000000       0x28 c:/program files/microchip/xc32/v2.50/bin/bin/../../lib/gcc/pic32mx/4.8.3/../../../../pic32mx/lib\software-debug-break.o
 .debug_abbrev  0x00000028      0x26b build/default/debug/_ext/639803181/sys_clk_pic32mx.o
 .debug_abbrev  0x00000293      0x2af build/default/debug/_ext/340578644/sys_devcon.o
 .debug_abbrev  0x00000542      0x20f build/default/debug/_ext/340578644/sys_devcon_pic32mx.o
 .debug_abbrev  0x00000751      0x279 build/default/debug/_ext/822048611/sys_ports_static.o
 .debug_abbrev  0x000009ca      0x1c9 build/default/debug/_ext/1688732426/system_init.o
 .debug_abbrev  0x00000b93      0x1bd build/default/debug/_ext/1688732426/system_interrupt.o
 .debug_abbrev  0x00000d50       0xda build/default/debug/_ext/1688732426/system_exceptions.o
 .debug_abbrev  0x00000e2a       0xd3 build/default/debug/_ext/1688732426/system_tasks.o
 .debug_abbrev  0x00000efd      0x20f build/default/debug/_ext/1360937237/app.o
 .debug_abbrev  0x0000110c       0x93 build/default/debug/_ext/1360937237/main.o
 .debug_abbrev  0x0000119f      0x24a build/default/debug/_ext/326400065/bsp.o
 .debug_abbrev  0x000013e9       0xcd build/default/debug/_ext/326400065/Mc32Delays.o
 .debug_abbrev  0x000014b6      0x225 build/default/debug/_ext/326400065/Mc32DriverAdc.o
 .debug_abbrev  0x000016db      0x22e build/default/debug/_ext/326400065/Mc32DriverAdcAlt.o
 .debug_abbrev  0x00001909      0x273 build/default/debug/_ext/326400065/Mc32DriverLcd.o
 .debug_abbrev  0x00001b7c       0xa7 build/default/debug/_ext/326400065/Mc32CoreTimer.o
 .debug_abbrev  0x00001c23      0x251 build/default/debug/_ext/711155467/sys_int_pic32.o
 .debug_abbrev  0x00001e74       0x12 C:\Users\JERJEA~1\AppData\Local\Temp\cc8454W5.o
 .debug_abbrev  0x00001e86       0x28 c:/program files/microchip/xc32/v2.50/bin/bin/../../lib/gcc/pic32mx/4.8.3/../../../../pic32mx/lib\libpic32.a(default-bootstrap-exception-handler.o)
 .debug_abbrev  0x00001eae       0x28 c:/program files/microchip/xc32/v2.50/bin/bin/../../lib/gcc/pic32mx/4.8.3/../../../../pic32mx/lib\libpic32.a(default-on-reset.o)
 .debug_abbrev  0x00001ed6       0x28 c:/program files/microchip/xc32/v2.50/bin/bin/../../lib/gcc/pic32mx/4.8.3/../../../../pic32mx/lib\libpic32.a(default-on-bootstrap.o)
 .debug_abbrev  0x00001efe       0x28 c:/program files/microchip/xc32/v2.50/bin/bin/../../lib/gcc/pic32mx/4.8.3/../../../../pic32mx/lib\libpic32.a(defaultinterrupt.o)
 .debug_abbrev  0x00001f26       0x28 c:/program files/microchip/xc32/v2.50/bin/bin/../../lib/gcc/pic32mx/4.8.3/../../../../pic32mx/lib\libc.a(vsprintf.o)
 .debug_abbrev  0x00001f4e       0x45 c:/program files/microchip/xc32/v2.50/bin/bin/../../lib/gcc/pic32mx/4.8.3/../../../../pic32mx/lib\libc.a(doprnt.o)
 .debug_abbrev  0x00001f93       0x28 c:/program files/microchip/xc32/v2.50/bin/bin/../../lib/gcc/pic32mx/4.8.3/../../../../pic32mx/lib\libc.a(_fputc_simple.o)
 .debug_abbrev  0x00001fbb       0x28 c:/program files/microchip/xc32/v2.50/bin/bin/../../lib/gcc/pic32mx/4.8.3/../../../../pic32mx/lib\libc.a(_flsbuf_simple.o)
 .debug_abbrev  0x00001fe3       0x37 c:/program files/microchip/xc32/v2.50/bin/bin/../../lib/gcc/pic32mx/4.8.3/../../../../pic32mx/lib\libe.a(_fixunsdfdi.o)
 .debug_abbrev  0x0000201a       0x28 c:/program files/microchip/xc32/v2.50/bin/bin/../../lib/gcc/pic32mx/4.8.3/../../../../pic32mx/lib\libe.a(_orderdf2.o)
 .debug_abbrev  0x00002042       0x28 c:/program files/microchip/xc32/v2.50/bin/bin/../../lib/gcc/pic32mx/4.8.3/../../../../pic32mx/lib\libe.a(_fixdfdi.o)
 .debug_abbrev  0x0000206a       0x64 c:/program files/microchip/xc32/v2.50/bin/bin/../../lib/gcc/pic32mx/4.8.3\libgcc.a(_floatundidf.o)
 .debug_abbrev  0x000020ce      0x138 c:/program files/microchip/xc32/v2.50/bin/bin/../../lib/gcc/pic32mx/4.8.3\libgcc.a(_udivdi3.o)
 .debug_abbrev  0x00002206      0x147 c:/program files/microchip/xc32/v2.50/bin/bin/../../lib/gcc/pic32mx/4.8.3\libgcc.a(_umoddi3.o)
 .debug_abbrev  0x0000234d       0x62 c:/program files/microchip/xc32/v2.50/bin/bin/../../lib/gcc/pic32mx/4.8.3\libgcc.a(floatunsidf.o)
 .debug_abbrev  0x000023af       0x28 c:/program files/microchip/xc32/v2.50/bin/bin/../../lib/gcc/pic32mx/4.8.3/../../../../pic32mx/lib\libpic32.a(write.o)
 .debug_abbrev  0x000023d7       0x28 c:/program files/microchip/xc32/v2.50/bin/bin/../../lib/gcc/pic32mx/4.8.3/../../../../pic32mx/lib\libpic32.a(_mon_putc.o)

.debug_line     0x00000000     0x44f1
 *(.debug_line)
 .debug_line    0x00000000       0x99 c:/program files/microchip/xc32/v2.50/bin/bin/../../lib/gcc/pic32mx/4.8.3/../../../../pic32mx/lib\software-debug-break.o
 .debug_line    0x00000099      0x423 build/default/debug/_ext/639803181/sys_clk_pic32mx.o
 .debug_line    0x000004bc      0x6a7 build/default/debug/_ext/340578644/sys_devcon.o
 .debug_line    0x00000b63      0x49f build/default/debug/_ext/340578644/sys_devcon_pic32mx.o
 .debug_line    0x00001002      0x77d build/default/debug/_ext/822048611/sys_ports_static.o
 .debug_line    0x0000177f      0x3e0 build/default/debug/_ext/1688732426/system_init.o
 .debug_line    0x00001b5f      0x24b build/default/debug/_ext/1688732426/system_interrupt.o
 .debug_line    0x00001daa      0x1b1 build/default/debug/_ext/1688732426/system_exceptions.o
 .debug_line    0x00001f5b      0x19d build/default/debug/_ext/1688732426/system_tasks.o
 .debug_line    0x000020f8      0x2cc build/default/debug/_ext/1360937237/app.o
 .debug_line    0x000023c4       0xbe build/default/debug/_ext/1360937237/main.o
 .debug_line    0x00002482      0x363 build/default/debug/_ext/326400065/bsp.o
 .debug_line    0x000027e5      0x12f build/default/debug/_ext/326400065/Mc32Delays.o
 .debug_line    0x00002914      0x485 build/default/debug/_ext/326400065/Mc32DriverAdc.o
 .debug_line    0x00002d99      0x4cb build/default/debug/_ext/326400065/Mc32DriverAdcAlt.o
 .debug_line    0x00003264      0x32b build/default/debug/_ext/326400065/Mc32DriverLcd.o
 .debug_line    0x0000358f       0xef build/default/debug/_ext/326400065/Mc32CoreTimer.o
 .debug_line    0x0000367e      0x2e3 build/default/debug/_ext/711155467/sys_int_pic32.o
 .debug_line    0x00003961      0x152 C:\Users\JERJEA~1\AppData\Local\Temp\cc8454W5.o
 .debug_line    0x00003ab3       0xa6 c:/program files/microchip/xc32/v2.50/bin/bin/../../lib/gcc/pic32mx/4.8.3/../../../../pic32mx/lib\libpic32.a(default-bootstrap-exception-handler.o)
 .debug_line    0x00003b59       0x93 c:/program files/microchip/xc32/v2.50/bin/bin/../../lib/gcc/pic32mx/4.8.3/../../../../pic32mx/lib\libpic32.a(default-on-reset.o)
 .debug_line    0x00003bec       0x97 c:/program files/microchip/xc32/v2.50/bin/bin/../../lib/gcc/pic32mx/4.8.3/../../../../pic32mx/lib\libpic32.a(default-on-bootstrap.o)
 .debug_line    0x00003c83       0xa5 c:/program files/microchip/xc32/v2.50/bin/bin/../../lib/gcc/pic32mx/4.8.3/../../../../pic32mx/lib\libpic32.a(defaultinterrupt.o)
 .debug_line    0x00003d28       0x80 c:/program files/microchip/xc32/v2.50/bin/bin/../../lib/gcc/pic32mx/4.8.3/../../../../pic32mx/lib\libc.a(vsprintf.o)
 .debug_line    0x00003da8       0x7e c:/program files/microchip/xc32/v2.50/bin/bin/../../lib/gcc/pic32mx/4.8.3/../../../../pic32mx/lib\libc.a(doprnt.o)
 .debug_line    0x00003e26       0x7d c:/program files/microchip/xc32/v2.50/bin/bin/../../lib/gcc/pic32mx/4.8.3/../../../../pic32mx/lib\libc.a(_fputc_simple.o)
 .debug_line    0x00003ea3        0x0 c:/program files/microchip/xc32/v2.50/bin/bin/../../lib/gcc/pic32mx/4.8.3/../../../../pic32mx/lib\libc.a(ctype.o)
 .debug_line    0x00003ea3        0x0 c:/program files/microchip/xc32/v2.50/bin/bin/../../lib/gcc/pic32mx/4.8.3/../../../../pic32mx/lib\libc.a(ldpowers.o)
 .debug_line    0x00003ea3        0x0 c:/program files/microchip/xc32/v2.50/bin/bin/../../lib/gcc/pic32mx/4.8.3/../../../../pic32mx/lib\libc.a(_iob.o)
 .debug_line    0x00003ea3       0x7e c:/program files/microchip/xc32/v2.50/bin/bin/../../lib/gcc/pic32mx/4.8.3/../../../../pic32mx/lib\libc.a(_flsbuf_simple.o)
 .debug_line    0x00003f21       0x82 c:/program files/microchip/xc32/v2.50/bin/bin/../../lib/gcc/pic32mx/4.8.3/../../../../pic32mx/lib\libe.a(_fixunsdfdi.o)
 .debug_line    0x00003fa3       0x81 c:/program files/microchip/xc32/v2.50/bin/bin/../../lib/gcc/pic32mx/4.8.3/../../../../pic32mx/lib\libe.a(_orderdf2.o)
 .debug_line    0x00004024       0x81 c:/program files/microchip/xc32/v2.50/bin/bin/../../lib/gcc/pic32mx/4.8.3/../../../../pic32mx/lib\libe.a(_fixdfdi.o)
 .debug_line    0x000040a5       0xa5 c:/program files/microchip/xc32/v2.50/bin/bin/../../lib/gcc/pic32mx/4.8.3\libgcc.a(_floatundidf.o)
 .debug_line    0x0000414a       0xf7 c:/program files/microchip/xc32/v2.50/bin/bin/../../lib/gcc/pic32mx/4.8.3\libgcc.a(_udivdi3.o)
 .debug_line    0x00004241      0x109 c:/program files/microchip/xc32/v2.50/bin/bin/../../lib/gcc/pic32mx/4.8.3\libgcc.a(_umoddi3.o)
 .debug_line    0x0000434a       0x93 c:/program files/microchip/xc32/v2.50/bin/bin/../../lib/gcc/pic32mx/4.8.3\libgcc.a(floatunsidf.o)
 .debug_line    0x000043dd       0x88 c:/program files/microchip/xc32/v2.50/bin/bin/../../lib/gcc/pic32mx/4.8.3/../../../../pic32mx/lib\libpic32.a(write.o)
 .debug_line    0x00004465       0x8c c:/program files/microchip/xc32/v2.50/bin/bin/../../lib/gcc/pic32mx/4.8.3/../../../../pic32mx/lib\libpic32.a(_mon_putc.o)
 .debug_line    0x000044f1        0x0 c:/program files/microchip/xc32/v2.50/bin/bin/../../lib/gcc/pic32mx/4.8.3/../../../../pic32mx/lib\libpic32.a(xc32_uart.o)

.debug_frame    0x00000000      0xd30
 *(.debug_frame)
 .debug_frame   0x00000000       0x20 c:/program files/microchip/xc32/v2.50/bin/bin/../../lib/gcc/pic32mx/4.8.3/../../../../pic32mx/lib\software-debug-break.o
 .debug_frame   0x00000020       0xa4 build/default/debug/_ext/639803181/sys_clk_pic32mx.o
 .debug_frame   0x000000c4       0xf4 build/default/debug/_ext/340578644/sys_devcon.o
 .debug_frame   0x000001b8       0x2c build/default/debug/_ext/340578644/sys_devcon_pic32mx.o
 .debug_frame   0x000001e4      0x270 build/default/debug/_ext/822048611/sys_ports_static.o
 .debug_frame   0x00000454       0x2c build/default/debug/_ext/1688732426/system_init.o
 .debug_frame   0x00000480       0x68 build/default/debug/_ext/1688732426/system_interrupt.o
 .debug_frame   0x000004e8       0x28 build/default/debug/_ext/1688732426/system_exceptions.o
 .debug_frame   0x00000510       0x2c build/default/debug/_ext/1688732426/system_tasks.o
 .debug_frame   0x0000053c       0x3c build/default/debug/_ext/1360937237/app.o
 .debug_frame   0x00000578       0x28 build/default/debug/_ext/1360937237/main.o
 .debug_frame   0x000005a0       0xac build/default/debug/_ext/326400065/bsp.o
 .debug_frame   0x0000064c       0xbc build/default/debug/_ext/326400065/Mc32Delays.o
 .debug_frame   0x00000708       0x30 build/default/debug/_ext/326400065/Mc32DriverAdc.o
 .debug_frame   0x00000738       0x30 build/default/debug/_ext/326400065/Mc32DriverAdcAlt.o
 .debug_frame   0x00000768      0x17c build/default/debug/_ext/326400065/Mc32DriverLcd.o
 .debug_frame   0x000008e4       0x80 build/default/debug/_ext/326400065/Mc32CoreTimer.o
 .debug_frame   0x00000964       0xa0 build/default/debug/_ext/711155467/sys_int_pic32.o
 .debug_frame   0x00000a04       0x2c c:/program files/microchip/xc32/v2.50/bin/bin/../../lib/gcc/pic32mx/4.8.3/../../../../pic32mx/lib\libpic32.a(default-bootstrap-exception-handler.o)
 .debug_frame   0x00000a30       0x20 c:/program files/microchip/xc32/v2.50/bin/bin/../../lib/gcc/pic32mx/4.8.3/../../../../pic32mx/lib\libpic32.a(default-on-reset.o)
 .debug_frame   0x00000a50       0x20 c:/program files/microchip/xc32/v2.50/bin/bin/../../lib/gcc/pic32mx/4.8.3/../../../../pic32mx/lib\libpic32.a(default-on-bootstrap.o)
 .debug_frame   0x00000a70       0x20 c:/program files/microchip/xc32/v2.50/bin/bin/../../lib/gcc/pic32mx/4.8.3/../../../../pic32mx/lib\libpic32.a(defaultinterrupt.o)
 .debug_frame   0x00000a90       0x2c c:/program files/microchip/xc32/v2.50/bin/bin/../../lib/gcc/pic32mx/4.8.3/../../../../pic32mx/lib\libc.a(vsprintf.o)
 .debug_frame   0x00000abc       0x9c c:/program files/microchip/xc32/v2.50/bin/bin/../../lib/gcc/pic32mx/4.8.3/../../../../pic32mx/lib\libc.a(doprnt.o)
 .debug_frame   0x00000b58       0x30 c:/program files/microchip/xc32/v2.50/bin/bin/../../lib/gcc/pic32mx/4.8.3/../../../../pic32mx/lib\libc.a(_fputc_simple.o)
 .debug_frame   0x00000b88       0x38 c:/program files/microchip/xc32/v2.50/bin/bin/../../lib/gcc/pic32mx/4.8.3/../../../../pic32mx/lib\libc.a(_flsbuf_simple.o)
 .debug_frame   0x00000bc0       0x34 c:/program files/microchip/xc32/v2.50/bin/bin/../../lib/gcc/pic32mx/4.8.3/../../../../pic32mx/lib\libe.a(_fixunsdfdi.o)
 .debug_frame   0x00000bf4       0x20 c:/program files/microchip/xc32/v2.50/bin/bin/../../lib/gcc/pic32mx/4.8.3/../../../../pic32mx/lib\libe.a(_orderdf2.o)
 .debug_frame   0x00000c14       0x20 c:/program files/microchip/xc32/v2.50/bin/bin/../../lib/gcc/pic32mx/4.8.3/../../../../pic32mx/lib\libe.a(_fixdfdi.o)
 .debug_frame   0x00000c34       0x2c c:/program files/microchip/xc32/v2.50/bin/bin/../../lib/gcc/pic32mx/4.8.3\libgcc.a(_floatundidf.o)
 .debug_frame   0x00000c60       0x20 c:/program files/microchip/xc32/v2.50/bin/bin/../../lib/gcc/pic32mx/4.8.3\libgcc.a(_udivdi3.o)
 .debug_frame   0x00000c80       0x20 c:/program files/microchip/xc32/v2.50/bin/bin/../../lib/gcc/pic32mx/4.8.3\libgcc.a(_umoddi3.o)
 .debug_frame   0x00000ca0       0x2c c:/program files/microchip/xc32/v2.50/bin/bin/../../lib/gcc/pic32mx/4.8.3\libgcc.a(floatunsidf.o)
 .debug_frame   0x00000ccc       0x38 c:/program files/microchip/xc32/v2.50/bin/bin/../../lib/gcc/pic32mx/4.8.3/../../../../pic32mx/lib\libpic32.a(write.o)
 .debug_frame   0x00000d04       0x2c c:/program files/microchip/xc32/v2.50/bin/bin/../../lib/gcc/pic32mx/4.8.3/../../../../pic32mx/lib\libpic32.a(_mon_putc.o)

.debug_str      0x00000000      0x1de
 *(.debug_str)
 .debug_str     0x00000000        0x0 c:/program files/microchip/xc32/v2.50/bin/bin/../../lib/gcc/pic32mx/4.8.3/../../../../pic32mx/lib\software-debug-break.o
 .debug_str     0x00000000       0x39 build/default/debug/_ext/639803181/sys_clk_pic32mx.o
 .debug_str     0x00000039       0x16 build/default/debug/_ext/340578644/sys_devcon.o
 .debug_str     0x0000004f        0x6 build/default/debug/_ext/340578644/sys_devcon_pic32mx.o
 .debug_str     0x00000055       0x55 build/default/debug/_ext/822048611/sys_ports_static.o
 .debug_str     0x000000aa        0x0 build/default/debug/_ext/1688732426/system_init.o
 .debug_str     0x000000aa       0x10 build/default/debug/_ext/1688732426/system_interrupt.o
 .debug_str     0x000000ba        0x0 build/default/debug/_ext/1688732426/system_exceptions.o
 .debug_str     0x000000ba        0x0 build/default/debug/_ext/1688732426/system_tasks.o
 .debug_str     0x000000ba       0x2b build/default/debug/_ext/1360937237/app.o
 .debug_str     0x000000e5        0x0 build/default/debug/_ext/1360937237/main.o
 .debug_str     0x000000e5       0x15 build/default/debug/_ext/326400065/bsp.o
 .debug_str     0x000000fa       0x17 build/default/debug/_ext/326400065/Mc32Delays.o
 .debug_str     0x00000111       0x4a build/default/debug/_ext/326400065/Mc32DriverAdc.o
 .debug_str     0x0000015b       0x58 build/default/debug/_ext/326400065/Mc32DriverAdcAlt.o
 .debug_str     0x000001b3        0xe build/default/debug/_ext/326400065/Mc32DriverLcd.o
 .debug_str     0x000001c1        0x0 build/default/debug/_ext/326400065/Mc32CoreTimer.o
 .debug_str     0x000001c1       0x1d build/default/debug/_ext/711155467/sys_int_pic32.o
 .debug_str     0x000001de        0x0 c:/program files/microchip/xc32/v2.50/bin/bin/../../lib/gcc/pic32mx/4.8.3/../../../../pic32mx/lib\libpic32.a(default-bootstrap-exception-handler.o)
 .debug_str     0x000001de        0x0 c:/program files/microchip/xc32/v2.50/bin/bin/../../lib/gcc/pic32mx/4.8.3/../../../../pic32mx/lib\libpic32.a(default-on-reset.o)
 .debug_str     0x000001de        0x0 c:/program files/microchip/xc32/v2.50/bin/bin/../../lib/gcc/pic32mx/4.8.3/../../../../pic32mx/lib\libpic32.a(default-on-bootstrap.o)
 .debug_str     0x000001de        0x0 c:/program files/microchip/xc32/v2.50/bin/bin/../../lib/gcc/pic32mx/4.8.3/../../../../pic32mx/lib\libpic32.a(defaultinterrupt.o)
 .debug_str     0x000001de        0x0 c:/program files/microchip/xc32/v2.50/bin/bin/../../lib/gcc/pic32mx/4.8.3/../../../../pic32mx/lib\libc.a(vsprintf.o)
 .debug_str     0x000001de        0x0 c:/program files/microchip/xc32/v2.50/bin/bin/../../lib/gcc/pic32mx/4.8.3/../../../../pic32mx/lib\libc.a(doprnt.o)
 .debug_str     0x000001de        0x0 c:/program files/microchip/xc32/v2.50/bin/bin/../../lib/gcc/pic32mx/4.8.3/../../../../pic32mx/lib\libc.a(_fputc_simple.o)
 .debug_str     0x000001de        0x0 c:/program files/microchip/xc32/v2.50/bin/bin/../../lib/gcc/pic32mx/4.8.3/../../../../pic32mx/lib\libc.a(ctype.o)
 .debug_str     0x000001de        0x0 c:/program files/microchip/xc32/v2.50/bin/bin/../../lib/gcc/pic32mx/4.8.3/../../../../pic32mx/lib\libc.a(ldpowers.o)
 .debug_str     0x000001de        0x0 c:/program files/microchip/xc32/v2.50/bin/bin/../../lib/gcc/pic32mx/4.8.3/../../../../pic32mx/lib\libc.a(_iob.o)
 .debug_str     0x000001de        0x0 c:/program files/microchip/xc32/v2.50/bin/bin/../../lib/gcc/pic32mx/4.8.3/../../../../pic32mx/lib\libc.a(_flsbuf_simple.o)
 .debug_str     0x000001de        0x0 c:/program files/microchip/xc32/v2.50/bin/bin/../../lib/gcc/pic32mx/4.8.3/../../../../pic32mx/lib\libe.a(_fixunsdfdi.o)
 .debug_str     0x000001de        0x0 c:/program files/microchip/xc32/v2.50/bin/bin/../../lib/gcc/pic32mx/4.8.3/../../../../pic32mx/lib\libe.a(_orderdf2.o)
 .debug_str     0x000001de        0x0 c:/program files/microchip/xc32/v2.50/bin/bin/../../lib/gcc/pic32mx/4.8.3/../../../../pic32mx/lib\libe.a(_fixdfdi.o)
 .debug_str     0x000001de        0x0 c:/program files/microchip/xc32/v2.50/bin/bin/../../lib/gcc/pic32mx/4.8.3\libgcc.a(_floatundidf.o)
 .debug_str     0x000001de        0x0 c:/program files/microchip/xc32/v2.50/bin/bin/../../lib/gcc/pic32mx/4.8.3\libgcc.a(_udivdi3.o)
 .debug_str     0x000001de        0x0 c:/program files/microchip/xc32/v2.50/bin/bin/../../lib/gcc/pic32mx/4.8.3\libgcc.a(_umoddi3.o)
 .debug_str     0x000001de        0x0 c:/program files/microchip/xc32/v2.50/bin/bin/../../lib/gcc/pic32mx/4.8.3\libgcc.a(floatunsidf.o)
 .debug_str     0x000001de        0x0 c:/program files/microchip/xc32/v2.50/bin/bin/../../lib/gcc/pic32mx/4.8.3/../../../../pic32mx/lib\libpic32.a(write.o)
 .debug_str     0x000001de        0x0 c:/program files/microchip/xc32/v2.50/bin/bin/../../lib/gcc/pic32mx/4.8.3/../../../../pic32mx/lib\libpic32.a(_mon_putc.o)
 .debug_str     0x000001de        0x0 c:/program files/microchip/xc32/v2.50/bin/bin/../../lib/gcc/pic32mx/4.8.3/../../../../pic32mx/lib\libpic32.a(xc32_uart.o)

.debug_loc      0x00000000     0x2f54
 *(.debug_loc)
 .debug_loc     0x00000000       0xcd build/default/debug/_ext/639803181/sys_clk_pic32mx.o
 .debug_loc     0x000000cd      0x174 build/default/debug/_ext/340578644/sys_devcon.o
 .debug_loc     0x00000241      0x106 build/default/debug/_ext/340578644/sys_devcon_pic32mx.o
 .debug_loc     0x00000347      0x73d build/default/debug/_ext/822048611/sys_ports_static.o
 .debug_loc     0x00000a84       0x4d build/default/debug/_ext/1688732426/system_init.o
 .debug_loc     0x00000ad1       0x2d build/default/debug/_ext/1688732426/system_interrupt.o
 .debug_loc     0x00000afe       0x20 build/default/debug/_ext/1688732426/system_exceptions.o
 .debug_loc     0x00000b1e       0x2c build/default/debug/_ext/1688732426/system_tasks.o
 .debug_loc     0x00000b4a       0xcc build/default/debug/_ext/1360937237/app.o
 .debug_loc     0x00000c16       0x20 build/default/debug/_ext/1360937237/main.o
 .debug_loc     0x00000c36      0x2c7 build/default/debug/_ext/326400065/bsp.o
 .debug_loc     0x00000efd      0x242 build/default/debug/_ext/326400065/Mc32Delays.o
 .debug_loc     0x0000113f       0xf6 build/default/debug/_ext/326400065/Mc32DriverAdc.o
 .debug_loc     0x00001235       0xf6 build/default/debug/_ext/326400065/Mc32DriverAdcAlt.o
 .debug_loc     0x0000132b      0x3f1 build/default/debug/_ext/326400065/Mc32DriverLcd.o
 .debug_loc     0x0000171c       0xf4 build/default/debug/_ext/326400065/Mc32CoreTimer.o
 .debug_loc     0x00001810      0x12c build/default/debug/_ext/711155467/sys_int_pic32.o
 .debug_loc     0x0000193c       0x2c c:/program files/microchip/xc32/v2.50/bin/bin/../../lib/gcc/pic32mx/4.8.3/../../../../pic32mx/lib\libpic32.a(default-bootstrap-exception-handler.o)
 .debug_loc     0x00001968       0x2c c:/program files/microchip/xc32/v2.50/bin/bin/../../lib/gcc/pic32mx/4.8.3/../../../../pic32mx/lib\libe.a(_fixunsdfdi.o)
 .debug_loc     0x00001994       0x41 c:/program files/microchip/xc32/v2.50/bin/bin/../../lib/gcc/pic32mx/4.8.3\libgcc.a(_floatundidf.o)
 .debug_loc     0x000019d5      0xa6a c:/program files/microchip/xc32/v2.50/bin/bin/../../lib/gcc/pic32mx/4.8.3\libgcc.a(_udivdi3.o)
 .debug_loc     0x0000243f      0xa3d c:/program files/microchip/xc32/v2.50/bin/bin/../../lib/gcc/pic32mx/4.8.3\libgcc.a(_umoddi3.o)
 .debug_loc     0x00002e7c       0x80 c:/program files/microchip/xc32/v2.50/bin/bin/../../lib/gcc/pic32mx/4.8.3\libgcc.a(floatunsidf.o)
 .debug_loc     0x00002efc       0x38 c:/program files/microchip/xc32/v2.50/bin/bin/../../lib/gcc/pic32mx/4.8.3/../../../../pic32mx/lib\libpic32.a(write.o)
 .debug_loc     0x00002f34       0x20 c:/program files/microchip/xc32/v2.50/bin/bin/../../lib/gcc/pic32mx/4.8.3/../../../../pic32mx/lib\libpic32.a(_mon_putc.o)

.debug_macinfo
 *(.debug_macinfo)

.debug_weaknames
 *(.debug_weaknames)

.debug_funcnames
 *(.debug_funcnames)

.debug_typenames
 *(.debug_typenames)

.debug_varnames
 *(.debug_varnames)

.debug_pubtypes
 *(.debug_pubtypes)

.debug_ranges   0x00000000      0x690
 *(.debug_ranges)
 .debug_ranges  0x00000000       0x10 c:/program files/microchip/xc32/v2.50/bin/bin/../../lib/gcc/pic32mx/4.8.3/../../../../pic32mx/lib\software-debug-break.o
 .debug_ranges  0x00000010       0x40 build/default/debug/_ext/639803181/sys_clk_pic32mx.o
 .debug_ranges  0x00000050       0x68 build/default/debug/_ext/340578644/sys_devcon.o
 .debug_ranges  0x000000b8       0x10 build/default/debug/_ext/340578644/sys_devcon_pic32mx.o
 .debug_ranges  0x000000c8      0x138 build/default/debug/_ext/822048611/sys_ports_static.o
 .debug_ranges  0x00000200       0x10 build/default/debug/_ext/1688732426/system_init.o
 .debug_ranges  0x00000210       0x10 build/default/debug/_ext/1688732426/system_interrupt.o
 .debug_ranges  0x00000220       0x10 build/default/debug/_ext/1688732426/system_exceptions.o
 .debug_ranges  0x00000230       0x10 build/default/debug/_ext/1688732426/system_tasks.o
 .debug_ranges  0x00000240       0x18 build/default/debug/_ext/1360937237/app.o
 .debug_ranges  0x00000258       0x10 build/default/debug/_ext/1360937237/main.o
 .debug_ranges  0x00000268       0x50 build/default/debug/_ext/326400065/bsp.o
 .debug_ranges  0x000002b8       0x38 build/default/debug/_ext/326400065/Mc32Delays.o
 .debug_ranges  0x000002f0       0x18 build/default/debug/_ext/326400065/Mc32DriverAdc.o
 .debug_ranges  0x00000308       0x18 build/default/debug/_ext/326400065/Mc32DriverAdcAlt.o
 .debug_ranges  0x00000320       0x70 build/default/debug/_ext/326400065/Mc32DriverLcd.o
 .debug_ranges  0x00000390       0x28 build/default/debug/_ext/326400065/Mc32CoreTimer.o
 .debug_ranges  0x000003b8       0x50 build/default/debug/_ext/711155467/sys_int_pic32.o
 .debug_ranges  0x00000408       0x38 C:\Users\JERJEA~1\AppData\Local\Temp\cc8454W5.o
 .debug_ranges  0x00000440       0x10 c:/program files/microchip/xc32/v2.50/bin/bin/../../lib/gcc/pic32mx/4.8.3/../../../../pic32mx/lib\libpic32.a(default-bootstrap-exception-handler.o)
 .debug_ranges  0x00000450       0x10 c:/program files/microchip/xc32/v2.50/bin/bin/../../lib/gcc/pic32mx/4.8.3/../../../../pic32mx/lib\libpic32.a(default-on-reset.o)
 .debug_ranges  0x00000460       0x10 c:/program files/microchip/xc32/v2.50/bin/bin/../../lib/gcc/pic32mx/4.8.3/../../../../pic32mx/lib\libpic32.a(default-on-bootstrap.o)
 .debug_ranges  0x00000470       0x10 c:/program files/microchip/xc32/v2.50/bin/bin/../../lib/gcc/pic32mx/4.8.3/../../../../pic32mx/lib\libpic32.a(defaultinterrupt.o)
 .debug_ranges  0x00000480       0x10 c:/program files/microchip/xc32/v2.50/bin/bin/../../lib/gcc/pic32mx/4.8.3/../../../../pic32mx/lib\libc.a(vsprintf.o)
 .debug_ranges  0x00000490       0x20 c:/program files/microchip/xc32/v2.50/bin/bin/../../lib/gcc/pic32mx/4.8.3/../../../../pic32mx/lib\libc.a(doprnt.o)
 .debug_ranges  0x000004b0       0x10 c:/program files/microchip/xc32/v2.50/bin/bin/../../lib/gcc/pic32mx/4.8.3/../../../../pic32mx/lib\libc.a(_fputc_simple.o)
 .debug_ranges  0x000004c0       0x10 c:/program files/microchip/xc32/v2.50/bin/bin/../../lib/gcc/pic32mx/4.8.3/../../../../pic32mx/lib\libc.a(_flsbuf_simple.o)
 .debug_ranges  0x000004d0       0x10 c:/program files/microchip/xc32/v2.50/bin/bin/../../lib/gcc/pic32mx/4.8.3/../../../../pic32mx/lib\libe.a(_fixunsdfdi.o)
 .debug_ranges  0x000004e0       0x10 c:/program files/microchip/xc32/v2.50/bin/bin/../../lib/gcc/pic32mx/4.8.3/../../../../pic32mx/lib\libe.a(_orderdf2.o)
 .debug_ranges  0x000004f0       0x10 c:/program files/microchip/xc32/v2.50/bin/bin/../../lib/gcc/pic32mx/4.8.3/../../../../pic32mx/lib\libe.a(_fixdfdi.o)
 .debug_ranges  0x00000500       0x98 c:/program files/microchip/xc32/v2.50/bin/bin/../../lib/gcc/pic32mx/4.8.3\libgcc.a(_udivdi3.o)
 .debug_ranges  0x00000598       0xd8 c:/program files/microchip/xc32/v2.50/bin/bin/../../lib/gcc/pic32mx/4.8.3\libgcc.a(_umoddi3.o)
 .debug_ranges  0x00000670       0x10 c:/program files/microchip/xc32/v2.50/bin/bin/../../lib/gcc/pic32mx/4.8.3/../../../../pic32mx/lib\libpic32.a(write.o)
 .debug_ranges  0x00000680       0x10 c:/program files/microchip/xc32/v2.50/bin/bin/../../lib/gcc/pic32mx/4.8.3/../../../../pic32mx/lib\libpic32.a(_mon_putc.o)

.gnu.attributes
                0x00000000       0x10
 *(.gnu.attributes)
 .gnu.attributes
                0x00000000       0x10 c:/program files/microchip/xc32/v2.50/bin/bin/../../lib/gcc/pic32mx/4.8.3/../../../../pic32mx/lib\software-debug-break.o
 .gnu.attributes
                0x00000010       0x10 build/default/debug/_ext/639803181/sys_clk_pic32mx.o
 .gnu.attributes
                0x00000020       0x10 build/default/debug/_ext/340578644/sys_devcon.o
 .gnu.attributes
                0x00000030       0x10 build/default/debug/_ext/340578644/sys_devcon_pic32mx.o
 .gnu.attributes
                0x00000040       0x10 build/default/debug/_ext/822048611/sys_ports_static.o
 .gnu.attributes
                0x00000050       0x10 build/default/debug/_ext/1688732426/system_init.o
 .gnu.attributes
                0x00000060       0x10 build/default/debug/_ext/1688732426/system_interrupt.o
 .gnu.attributes
                0x00000070       0x10 build/default/debug/_ext/1688732426/system_exceptions.o
 .gnu.attributes
                0x00000080       0x10 build/default/debug/_ext/1688732426/system_tasks.o
 .gnu.attributes
                0x00000090       0x10 build/default/debug/_ext/1360937237/app.o
 .gnu.attributes
                0x000000a0       0x10 build/default/debug/_ext/1360937237/main.o
 .gnu.attributes
                0x000000b0       0x10 build/default/debug/_ext/326400065/bsp.o
 .gnu.attributes
                0x000000c0       0x10 build/default/debug/_ext/326400065/Mc32Delays.o
 .gnu.attributes
                0x000000d0       0x10 build/default/debug/_ext/326400065/Mc32DriverAdc.o
 .gnu.attributes
                0x000000e0       0x10 build/default/debug/_ext/326400065/Mc32DriverAdcAlt.o
 .gnu.attributes
                0x000000f0       0x10 build/default/debug/_ext/326400065/Mc32DriverLcd.o
 .gnu.attributes
                0x00000100       0x10 build/default/debug/_ext/326400065/Mc32CoreTimer.o
 .gnu.attributes
                0x00000110       0x10 build/default/debug/_ext/711155467/sys_int_pic32.o
 .gnu.attributes
                0x00000120       0x10 c:/program files/microchip/xc32/v2.50/bin/bin/../../lib/gcc/pic32mx/4.8.3/../../../../pic32mx/lib\libpic32.a(default-bootstrap-exception-handler.o)
 .gnu.attributes
                0x00000130       0x10 c:/program files/microchip/xc32/v2.50/bin/bin/../../lib/gcc/pic32mx/4.8.3/../../../../pic32mx/lib\libpic32.a(default-on-reset.o)
 .gnu.attributes
                0x00000140       0x10 c:/program files/microchip/xc32/v2.50/bin/bin/../../lib/gcc/pic32mx/4.8.3/../../../../pic32mx/lib\libpic32.a(default-on-bootstrap.o)
 .gnu.attributes
                0x00000150       0x10 c:/program files/microchip/xc32/v2.50/bin/bin/../../lib/gcc/pic32mx/4.8.3/../../../../pic32mx/lib\libpic32.a(defaultinterrupt.o)
 .gnu.attributes
                0x00000160       0x10 c:/program files/microchip/xc32/v2.50/bin/bin/../../lib/gcc/pic32mx/4.8.3/../../../../pic32mx/lib\libc.a(vsprintf.o)
 .gnu.attributes
                0x00000170       0x10 c:/program files/microchip/xc32/v2.50/bin/bin/../../lib/gcc/pic32mx/4.8.3/../../../../pic32mx/lib\libc.a(doprnt.o)
 .gnu.attributes
                0x00000180       0x10 c:/program files/microchip/xc32/v2.50/bin/bin/../../lib/gcc/pic32mx/4.8.3/../../../../pic32mx/lib\libc.a(_fputc_simple.o)
 .gnu.attributes
                0x00000190       0x10 c:/program files/microchip/xc32/v2.50/bin/bin/../../lib/gcc/pic32mx/4.8.3/../../../../pic32mx/lib\libc.a(ctype.o)
 .gnu.attributes
                0x000001a0       0x10 c:/program files/microchip/xc32/v2.50/bin/bin/../../lib/gcc/pic32mx/4.8.3/../../../../pic32mx/lib\libc.a(ldpowers.o)
 .gnu.attributes
                0x000001b0       0x10 c:/program files/microchip/xc32/v2.50/bin/bin/../../lib/gcc/pic32mx/4.8.3/../../../../pic32mx/lib\libc.a(_iob.o)
 .gnu.attributes
                0x000001c0       0x10 c:/program files/microchip/xc32/v2.50/bin/bin/../../lib/gcc/pic32mx/4.8.3/../../../../pic32mx/lib\libc.a(_flsbuf_simple.o)
 .gnu.attributes
                0x000001d0       0x10 c:/program files/microchip/xc32/v2.50/bin/bin/../../lib/gcc/pic32mx/4.8.3/../../../../pic32mx/lib\libe.a(_fixunsdfdi.o)
 .gnu.attributes
                0x000001e0       0x10 c:/program files/microchip/xc32/v2.50/bin/bin/../../lib/gcc/pic32mx/4.8.3/../../../../pic32mx/lib\libe.a(_orderdf2.o)
 .gnu.attributes
                0x000001f0       0x10 c:/program files/microchip/xc32/v2.50/bin/bin/../../lib/gcc/pic32mx/4.8.3/../../../../pic32mx/lib\libe.a(_fixdfdi.o)
 .gnu.attributes
                0x00000200       0x10 c:/program files/microchip/xc32/v2.50/bin/bin/../../lib/gcc/pic32mx/4.8.3\libgcc.a(_floatundidf.o)
 .gnu.attributes
                0x00000210       0x10 c:/program files/microchip/xc32/v2.50/bin/bin/../../lib/gcc/pic32mx/4.8.3\libgcc.a(_udivdi3.o)
 .gnu.attributes
                0x00000220       0x10 c:/program files/microchip/xc32/v2.50/bin/bin/../../lib/gcc/pic32mx/4.8.3\libgcc.a(_umoddi3.o)
 .gnu.attributes
                0x00000230       0x10 c:/program files/microchip/xc32/v2.50/bin/bin/../../lib/gcc/pic32mx/4.8.3\libgcc.a(floatunsidf.o)
 .gnu.attributes
                0x00000240       0x10 c:/program files/microchip/xc32/v2.50/bin/bin/../../lib/gcc/pic32mx/4.8.3/../../../../pic32mx/lib\libpic32.a(write.o)
 .gnu.attributes
                0x00000250       0x10 c:/program files/microchip/xc32/v2.50/bin/bin/../../lib/gcc/pic32mx/4.8.3/../../../../pic32mx/lib\libpic32.a(_mon_putc.o)
 .gnu.attributes
                0x00000260       0x10 c:/program files/microchip/xc32/v2.50/bin/bin/../../lib/gcc/pic32mx/4.8.3/../../../../pic32mx/lib\libpic32.a(xc32_uart.o)
LOAD c:/program files/microchip/xc32/v2.50/bin/bin/../../lib/gcc/pic32mx/4.8.3\libgcc.a
START GROUP
LOAD c:/program files/microchip/xc32/v2.50/bin/bin/../../lib/gcc/pic32mx/4.8.3/../../../../pic32mx/lib\libpic32.a
LOAD c:/program files/microchip/xc32/v2.50/bin/bin/../../lib/gcc/pic32mx/4.8.3/../../../../pic32mx/lib\libdebug.a
LOAD c:/program files/microchip/xc32/v2.50/bin/bin/../../lib/gcc/pic32mx/4.8.3/../../../../pic32mx/lib\libpic32.a
LOAD c:/program files/microchip/xc32/v2.50/bin/bin/../../lib/gcc/pic32mx/4.8.3/../../../../pic32mx/lib\libc.a
LOAD c:/program files/microchip/xc32/v2.50/bin/bin/../../lib/gcc/pic32mx/4.8.3/../../../../pic32mx/lib\libc.a
LOAD c:/program files/microchip/xc32/v2.50/bin/bin/../../lib/gcc/pic32mx/4.8.3/../../../../pic32mx/lib\libm.a
LOAD c:/program files/microchip/xc32/v2.50/bin/bin/../../lib/gcc/pic32mx/4.8.3/../../../../pic32mx/lib\libe.a
LOAD c:/program files/microchip/xc32/v2.50/bin/bin/../../lib/gcc/pic32mx/4.8.3/../../../../pic32mx/lib\libdsp.a
LOAD c:/program files/microchip/xc32/v2.50/bin/bin/../../lib/gcc/pic32mx/4.8.3\libgcc.a
LOAD c:/program files/microchip/xc32/v2.50/bin/bin/../../lib/gcc/pic32mx/4.8.3/../../../../pic32mx/lib\libpic32.a
END GROUP
LOAD c:/program files/microchip/xc32/v2.50/bin/bin/../../lib/gcc/pic32mx/4.8.3\libgcc.a
OUTPUT(dist/default/debug/Ex6_1.X.debug.elf elf32-tradlittlemips)
LOAD stack
LOAD data_init

.reginfo        0x00000000       0x18
 .reginfo       0x00000000       0x18 c:/program files/microchip/xc32/v2.50/bin/bin/../../lib/gcc/pic32mx/4.8.3/../../../../pic32mx/lib\software-debug-break.o

.stack          0xa0000238      0x400
 .stack         0xa0000238      0x400 stack

.text.CoreTimerHandler
                0x9d000000      0x14c
 .text.CoreTimerHandler
                0x9d000000      0x14c build/default/debug/_ext/1688732426/system_interrupt.o
                0x9d000000                CoreTimerHandler

.text.SYS_DEVCON_PerformanceConfig
                0x9d00014c       0xe0
 .text.SYS_DEVCON_PerformanceConfig
                0x9d00014c       0xe0 build/default/debug/_ext/340578644/sys_devcon_pic32mx.o
                0x9d00014c                SYS_DEVCON_PerformanceConfig

.text.general_exception
                0x9d00022c       0xdc
 .text.general_exception
                0x9d00022c       0xdc c:/program files/microchip/xc32/v2.50/bin/bin/../../lib/gcc/pic32mx/4.8.3/../../../../pic32mx/lib\libpic32.a(general-exception.o)
                0x9d00022c                _general_exception_context

.text.SYS_PORTS_Initialize
                0x9d000308       0xc8
 .text.SYS_PORTS_Initialize
                0x9d000308       0xc8 build/default/debug/_ext/822048611/sys_ports_static.o
                0x9d000308                SYS_PORTS_Initialize

.text           0x9d0003d0       0x84
 .text          0x9d0003d0       0x84 c:/program files/microchip/xc32/v2.50/bin/bin/../../lib/gcc/pic32mx/4.8.3/../../../../pic32mx/lib\libpic32.a(pic32_data_init.o)
                0x9d0003d0                __pic32_data_init

.text.SYS_Initialize
                0x9d000454       0x70
 .text.SYS_Initialize
                0x9d000454       0x70 build/default/debug/_ext/1688732426/system_init.o
                0x9d000454                SYS_Initialize

.text.APP_Tasks
                0x9d0004c4       0x6c
 .text.APP_Tasks
                0x9d0004c4       0x6c build/default/debug/_ext/1360937237/app.o
                0x9d0004c4                APP_Tasks

.text.SYS_DEVCON_SystemUnlock
                0x9d000530       0x58
 .text.SYS_DEVCON_SystemUnlock
                0x9d000530       0x58 build/default/debug/_ext/340578644/sys_devcon.o
                0x9d000530                SYS_DEVCON_SystemUnlock

.text.main_entry
                0x9d000588       0x54
 .text.main_entry
                0x9d000588       0x54 C:\Users\JERJEA~1\AppData\Local\Temp\cc8454W5.o
                0x9d0005bc                __crt0_exit

.text.SYS_DEVCON_SystemLock
                0x9d0005dc       0x48
 .text.SYS_DEVCON_SystemLock
                0x9d0005dc       0x48 build/default/debug/_ext/340578644/sys_devcon.o
                0x9d0005dc                SYS_DEVCON_SystemLock

.text._bootstrap_exception_handler
                0x9d000624       0x48
 .text._bootstrap_exception_handler
                0x9d000624       0x48 c:/program files/microchip/xc32/v2.50/bin/bin/../../lib/gcc/pic32mx/4.8.3/../../../../pic32mx/lib\libpic32.a(default-bootstrap-exception-handler.o)
                0x9d000624                _bootstrap_exception_handler

.vector_default
                0x9d00066c       0x48
 .vector_default